Archive member included to satisfy reference by file (symbol)

c:/st/stm32cubeide_1.4.0/stm32cubeide/plugins/com.st.stm32cube.ide.mcu.externaltools.gnu-tools-for-stm32.7-2018-q2-update.win32_1.4.0.202007081208/tools/bin/../lib/gcc/arm-none-eabi/7.3.1/../../../../arm-none-eabi/lib/thumb/v7-m\libc_nano.a(lib_a-errno.o)
                              Src/syscalls.o (__errno)
c:/st/stm32cubeide_1.4.0/stm32cubeide/plugins/com.st.stm32cube.ide.mcu.externaltools.gnu-tools-for-stm32.7-2018-q2-update.win32_1.4.0.202007081208/tools/bin/../lib/gcc/arm-none-eabi/7.3.1/../../../../arm-none-eabi/lib/thumb/v7-m\libc_nano.a(lib_a-exit.o)
                              c:/st/stm32cubeide_1.4.0/stm32cubeide/plugins/com.st.stm32cube.ide.mcu.externaltools.gnu-tools-for-stm32.7-2018-q2-update.win32_1.4.0.202007081208/tools/bin/../lib/gcc/arm-none-eabi/7.3.1/../../../../arm-none-eabi/lib/thumb/v7-m/crt0.o (exit)
c:/st/stm32cubeide_1.4.0/stm32cubeide/plugins/com.st.stm32cube.ide.mcu.externaltools.gnu-tools-for-stm32.7-2018-q2-update.win32_1.4.0.202007081208/tools/bin/../lib/gcc/arm-none-eabi/7.3.1/../../../../arm-none-eabi/lib/thumb/v7-m\libc_nano.a(lib_a-impure.o)
                              c:/st/stm32cubeide_1.4.0/stm32cubeide/plugins/com.st.stm32cube.ide.mcu.externaltools.gnu-tools-for-stm32.7-2018-q2-update.win32_1.4.0.202007081208/tools/bin/../lib/gcc/arm-none-eabi/7.3.1/../../../../arm-none-eabi/lib/thumb/v7-m\libc_nano.a(lib_a-exit.o) (_global_impure_ptr)
c:/st/stm32cubeide_1.4.0/stm32cubeide/plugins/com.st.stm32cube.ide.mcu.externaltools.gnu-tools-for-stm32.7-2018-q2-update.win32_1.4.0.202007081208/tools/bin/../lib/gcc/arm-none-eabi/7.3.1/../../../../arm-none-eabi/lib/thumb/v7-m\libc_nano.a(lib_a-init.o)
                              c:/st/stm32cubeide_1.4.0/stm32cubeide/plugins/com.st.stm32cube.ide.mcu.externaltools.gnu-tools-for-stm32.7-2018-q2-update.win32_1.4.0.202007081208/tools/bin/../lib/gcc/arm-none-eabi/7.3.1/../../../../arm-none-eabi/lib/thumb/v7-m/crt0.o (__libc_init_array)
c:/st/stm32cubeide_1.4.0/stm32cubeide/plugins/com.st.stm32cube.ide.mcu.externaltools.gnu-tools-for-stm32.7-2018-q2-update.win32_1.4.0.202007081208/tools/bin/../lib/gcc/arm-none-eabi/7.3.1/../../../../arm-none-eabi/lib/thumb/v7-m\libc_nano.a(lib_a-memset.o)
                              c:/st/stm32cubeide_1.4.0/stm32cubeide/plugins/com.st.stm32cube.ide.mcu.externaltools.gnu-tools-for-stm32.7-2018-q2-update.win32_1.4.0.202007081208/tools/bin/../lib/gcc/arm-none-eabi/7.3.1/../../../../arm-none-eabi/lib/thumb/v7-m/crt0.o (memset)

Allocating common symbols
Common symbol       size              file

recived_data        0x1               STM32_F103C6_Drivers/main.o
Global_ptr_callBack
                    0x3c              STM32_F103C6_Drivers/MCAL/EXTI/EXTI.o

Discarded input sections

 .text          0x0000000000000000        0x0 c:/st/stm32cubeide_1.4.0/stm32cubeide/plugins/com.st.stm32cube.ide.mcu.externaltools.gnu-tools-for-stm32.7-2018-q2-update.win32_1.4.0.202007081208/tools/bin/../lib/gcc/arm-none-eabi/7.3.1/thumb/v7-m/crti.o
 .data          0x0000000000000000        0x0 c:/st/stm32cubeide_1.4.0/stm32cubeide/plugins/com.st.stm32cube.ide.mcu.externaltools.gnu-tools-for-stm32.7-2018-q2-update.win32_1.4.0.202007081208/tools/bin/../lib/gcc/arm-none-eabi/7.3.1/thumb/v7-m/crti.o
 .bss           0x0000000000000000        0x0 c:/st/stm32cubeide_1.4.0/stm32cubeide/plugins/com.st.stm32cube.ide.mcu.externaltools.gnu-tools-for-stm32.7-2018-q2-update.win32_1.4.0.202007081208/tools/bin/../lib/gcc/arm-none-eabi/7.3.1/thumb/v7-m/crti.o
 .data          0x0000000000000000        0x4 c:/st/stm32cubeide_1.4.0/stm32cubeide/plugins/com.st.stm32cube.ide.mcu.externaltools.gnu-tools-for-stm32.7-2018-q2-update.win32_1.4.0.202007081208/tools/bin/../lib/gcc/arm-none-eabi/7.3.1/thumb/v7-m/crtbegin.o
 .text          0x0000000000000000       0x74 c:/st/stm32cubeide_1.4.0/stm32cubeide/plugins/com.st.stm32cube.ide.mcu.externaltools.gnu-tools-for-stm32.7-2018-q2-update.win32_1.4.0.202007081208/tools/bin/../lib/gcc/arm-none-eabi/7.3.1/../../../../arm-none-eabi/lib/thumb/v7-m/crt0.o
 .data          0x0000000000000000        0x0 c:/st/stm32cubeide_1.4.0/stm32cubeide/plugins/com.st.stm32cube.ide.mcu.externaltools.gnu-tools-for-stm32.7-2018-q2-update.win32_1.4.0.202007081208/tools/bin/../lib/gcc/arm-none-eabi/7.3.1/../../../../arm-none-eabi/lib/thumb/v7-m/crt0.o
 .bss           0x0000000000000000        0x0 c:/st/stm32cubeide_1.4.0/stm32cubeide/plugins/com.st.stm32cube.ide.mcu.externaltools.gnu-tools-for-stm32.7-2018-q2-update.win32_1.4.0.202007081208/tools/bin/../lib/gcc/arm-none-eabi/7.3.1/../../../../arm-none-eabi/lib/thumb/v7-m/crt0.o
 .ARM.extab     0x0000000000000000        0x0 c:/st/stm32cubeide_1.4.0/stm32cubeide/plugins/com.st.stm32cube.ide.mcu.externaltools.gnu-tools-for-stm32.7-2018-q2-update.win32_1.4.0.202007081208/tools/bin/../lib/gcc/arm-none-eabi/7.3.1/../../../../arm-none-eabi/lib/thumb/v7-m/crt0.o
 .ARM.exidx     0x0000000000000000        0x8 c:/st/stm32cubeide_1.4.0/stm32cubeide/plugins/com.st.stm32cube.ide.mcu.externaltools.gnu-tools-for-stm32.7-2018-q2-update.win32_1.4.0.202007081208/tools/bin/../lib/gcc/arm-none-eabi/7.3.1/../../../../arm-none-eabi/lib/thumb/v7-m/crt0.o
 .ARM.attributes
                0x0000000000000000       0x1b c:/st/stm32cubeide_1.4.0/stm32cubeide/plugins/com.st.stm32cube.ide.mcu.externaltools.gnu-tools-for-stm32.7-2018-q2-update.win32_1.4.0.202007081208/tools/bin/../lib/gcc/arm-none-eabi/7.3.1/../../../../arm-none-eabi/lib/thumb/v7-m/crt0.o
 .group         0x0000000000000000        0xc STM32_F103C6_Drivers/HAL/KEYPAD/KEYPAD.o
 .group         0x0000000000000000        0xc STM32_F103C6_Drivers/HAL/KEYPAD/KEYPAD.o
 .group         0x0000000000000000        0xc STM32_F103C6_Drivers/HAL/KEYPAD/KEYPAD.o
 .group         0x0000000000000000        0xc STM32_F103C6_Drivers/HAL/KEYPAD/KEYPAD.o
 .group         0x0000000000000000        0xc STM32_F103C6_Drivers/HAL/KEYPAD/KEYPAD.o
 .group         0x0000000000000000        0xc STM32_F103C6_Drivers/HAL/KEYPAD/KEYPAD.o
 .group         0x0000000000000000        0xc STM32_F103C6_Drivers/HAL/KEYPAD/KEYPAD.o
 .group         0x0000000000000000        0xc STM32_F103C6_Drivers/HAL/KEYPAD/KEYPAD.o
 .group         0x0000000000000000        0xc STM32_F103C6_Drivers/HAL/KEYPAD/KEYPAD.o
 .group         0x0000000000000000        0xc STM32_F103C6_Drivers/HAL/KEYPAD/KEYPAD.o
 .group         0x0000000000000000        0xc STM32_F103C6_Drivers/HAL/KEYPAD/KEYPAD.o
 .group         0x0000000000000000        0xc STM32_F103C6_Drivers/HAL/KEYPAD/KEYPAD.o
 .group         0x0000000000000000        0xc STM32_F103C6_Drivers/HAL/KEYPAD/KEYPAD.o
 .group         0x0000000000000000        0xc STM32_F103C6_Drivers/HAL/KEYPAD/KEYPAD.o
 .group         0x0000000000000000        0xc STM32_F103C6_Drivers/HAL/KEYPAD/KEYPAD.o
 .group         0x0000000000000000        0xc STM32_F103C6_Drivers/HAL/KEYPAD/KEYPAD.o
 .group         0x0000000000000000        0xc STM32_F103C6_Drivers/HAL/KEYPAD/KEYPAD.o
 .group         0x0000000000000000        0xc STM32_F103C6_Drivers/HAL/KEYPAD/KEYPAD.o
 .group         0x0000000000000000        0xc STM32_F103C6_Drivers/HAL/KEYPAD/KEYPAD.o
 .group         0x0000000000000000        0xc STM32_F103C6_Drivers/HAL/KEYPAD/KEYPAD.o
 .group         0x0000000000000000        0xc STM32_F103C6_Drivers/HAL/KEYPAD/KEYPAD.o
 .group         0x0000000000000000        0xc STM32_F103C6_Drivers/HAL/KEYPAD/KEYPAD.o
 .group         0x0000000000000000        0xc STM32_F103C6_Drivers/HAL/KEYPAD/KEYPAD.o
 .text          0x0000000000000000        0x0 STM32_F103C6_Drivers/HAL/KEYPAD/KEYPAD.o
 .data          0x0000000000000000        0x0 STM32_F103C6_Drivers/HAL/KEYPAD/KEYPAD.o
 .bss           0x0000000000000000        0x0 STM32_F103C6_Drivers/HAL/KEYPAD/KEYPAD.o
 .text.HAL_KEYPAD_Init
                0x0000000000000000       0xb4 STM32_F103C6_Drivers/HAL/KEYPAD/KEYPAD.o
 .rodata        0x0000000000000000       0x10 STM32_F103C6_Drivers/HAL/KEYPAD/KEYPAD.o
 .text.HAL_KEYPAD_Get_PressedKey
                0x0000000000000000       0xcc STM32_F103C6_Drivers/HAL/KEYPAD/KEYPAD.o
 .debug_info    0x0000000000000000      0xb38 STM32_F103C6_Drivers/HAL/KEYPAD/KEYPAD.o
 .debug_abbrev  0x0000000000000000      0x1b1 STM32_F103C6_Drivers/HAL/KEYPAD/KEYPAD.o
 .debug_loc     0x0000000000000000       0xa0 STM32_F103C6_Drivers/HAL/KEYPAD/KEYPAD.o
 .debug_aranges
                0x0000000000000000       0x28 STM32_F103C6_Drivers/HAL/KEYPAD/KEYPAD.o
 .debug_ranges  0x0000000000000000       0x18 STM32_F103C6_Drivers/HAL/KEYPAD/KEYPAD.o
 .debug_macro   0x0000000000000000      0x14a STM32_F103C6_Drivers/HAL/KEYPAD/KEYPAD.o
 .debug_macro   0x0000000000000000      0xa60 STM32_F103C6_Drivers/HAL/KEYPAD/KEYPAD.o
 .debug_macro   0x0000000000000000       0x2e STM32_F103C6_Drivers/HAL/KEYPAD/KEYPAD.o
 .debug_macro   0x0000000000000000       0x18 STM32_F103C6_Drivers/HAL/KEYPAD/KEYPAD.o
 .debug_macro   0x0000000000000000       0x22 STM32_F103C6_Drivers/HAL/KEYPAD/KEYPAD.o
 .debug_macro   0x0000000000000000       0x40 STM32_F103C6_Drivers/HAL/KEYPAD/KEYPAD.o
 .debug_macro   0x0000000000000000       0x94 STM32_F103C6_Drivers/HAL/KEYPAD/KEYPAD.o
 .debug_macro   0x0000000000000000       0x3c STM32_F103C6_Drivers/HAL/KEYPAD/KEYPAD.o
 .debug_macro   0x0000000000000000       0x34 STM32_F103C6_Drivers/HAL/KEYPAD/KEYPAD.o
 .debug_macro   0x0000000000000000       0x16 STM32_F103C6_Drivers/HAL/KEYPAD/KEYPAD.o
 .debug_macro   0x0000000000000000      0x10e STM32_F103C6_Drivers/HAL/KEYPAD/KEYPAD.o
 .debug_macro   0x0000000000000000       0x8d STM32_F103C6_Drivers/HAL/KEYPAD/KEYPAD.o
 .debug_macro   0x0000000000000000       0x57 STM32_F103C6_Drivers/HAL/KEYPAD/KEYPAD.o
 .debug_macro   0x0000000000000000       0x52 STM32_F103C6_Drivers/HAL/KEYPAD/KEYPAD.o
 .debug_macro   0x0000000000000000       0x1f STM32_F103C6_Drivers/HAL/KEYPAD/KEYPAD.o
 .debug_macro   0x0000000000000000       0x43 STM32_F103C6_Drivers/HAL/KEYPAD/KEYPAD.o
 .debug_macro   0x0000000000000000       0x20 STM32_F103C6_Drivers/HAL/KEYPAD/KEYPAD.o
 .debug_macro   0x0000000000000000      0x1a3 STM32_F103C6_Drivers/HAL/KEYPAD/KEYPAD.o
 .debug_macro   0x0000000000000000      0x330 STM32_F103C6_Drivers/HAL/KEYPAD/KEYPAD.o
 .debug_macro   0x0000000000000000       0x16 STM32_F103C6_Drivers/HAL/KEYPAD/KEYPAD.o
 .debug_macro   0x0000000000000000       0x29 STM32_F103C6_Drivers/HAL/KEYPAD/KEYPAD.o
 .debug_macro   0x0000000000000000      0x240 STM32_F103C6_Drivers/HAL/KEYPAD/KEYPAD.o
 .debug_macro   0x0000000000000000       0xc4 STM32_F103C6_Drivers/HAL/KEYPAD/KEYPAD.o
 .debug_macro   0x0000000000000000       0x2e STM32_F103C6_Drivers/HAL/KEYPAD/KEYPAD.o
 .debug_line    0x0000000000000000      0x643 STM32_F103C6_Drivers/HAL/KEYPAD/KEYPAD.o
 .debug_str     0x0000000000000000     0x751f STM32_F103C6_Drivers/HAL/KEYPAD/KEYPAD.o
 .comment       0x0000000000000000       0x7c STM32_F103C6_Drivers/HAL/KEYPAD/KEYPAD.o
 .debug_frame   0x0000000000000000       0x5c STM32_F103C6_Drivers/HAL/KEYPAD/KEYPAD.o
 .ARM.attributes
                0x0000000000000000       0x33 STM32_F103C6_Drivers/HAL/KEYPAD/KEYPAD.o
 .group         0x0000000000000000        0xc STM32_F103C6_Drivers/HAL/LCD/LCD.o
 .group         0x0000000000000000        0xc STM32_F103C6_Drivers/HAL/LCD/LCD.o
 .group         0x0000000000000000        0xc STM32_F103C6_Drivers/HAL/LCD/LCD.o
 .group         0x0000000000000000        0xc STM32_F103C6_Drivers/HAL/LCD/LCD.o
 .group         0x0000000000000000        0xc STM32_F103C6_Drivers/HAL/LCD/LCD.o
 .group         0x0000000000000000        0xc STM32_F103C6_Drivers/HAL/LCD/LCD.o
 .group         0x0000000000000000        0xc STM32_F103C6_Drivers/HAL/LCD/LCD.o
 .group         0x0000000000000000        0xc STM32_F103C6_Drivers/HAL/LCD/LCD.o
 .group         0x0000000000000000        0xc STM32_F103C6_Drivers/HAL/LCD/LCD.o
 .group         0x0000000000000000        0xc STM32_F103C6_Drivers/HAL/LCD/LCD.o
 .group         0x0000000000000000        0xc STM32_F103C6_Drivers/HAL/LCD/LCD.o
 .group         0x0000000000000000        0xc STM32_F103C6_Drivers/HAL/LCD/LCD.o
 .group         0x0000000000000000        0xc STM32_F103C6_Drivers/HAL/LCD/LCD.o
 .group         0x0000000000000000        0xc STM32_F103C6_Drivers/HAL/LCD/LCD.o
 .group         0x0000000000000000        0xc STM32_F103C6_Drivers/HAL/LCD/LCD.o
 .group         0x0000000000000000        0xc STM32_F103C6_Drivers/HAL/LCD/LCD.o
 .group         0x0000000000000000        0xc STM32_F103C6_Drivers/HAL/LCD/LCD.o
 .group         0x0000000000000000        0xc STM32_F103C6_Drivers/HAL/LCD/LCD.o
 .group         0x0000000000000000        0xc STM32_F103C6_Drivers/HAL/LCD/LCD.o
 .group         0x0000000000000000        0xc STM32_F103C6_Drivers/HAL/LCD/LCD.o
 .group         0x0000000000000000        0xc STM32_F103C6_Drivers/HAL/LCD/LCD.o
 .group         0x0000000000000000        0xc STM32_F103C6_Drivers/HAL/LCD/LCD.o
 .group         0x0000000000000000        0xc STM32_F103C6_Drivers/HAL/LCD/LCD.o
 .text          0x0000000000000000        0x0 STM32_F103C6_Drivers/HAL/LCD/LCD.o
 .data          0x0000000000000000        0x0 STM32_F103C6_Drivers/HAL/LCD/LCD.o
 .bss           0x0000000000000000        0x0 STM32_F103C6_Drivers/HAL/LCD/LCD.o
 .text.wait_ms  0x0000000000000000       0x38 STM32_F103C6_Drivers/HAL/LCD/LCD.o
 .text.Private_LCD_Pins_init
                0x0000000000000000      0x124 STM32_F103C6_Drivers/HAL/LCD/LCD.o
 .text.Private_LCD_Kick
                0x0000000000000000       0x28 STM32_F103C6_Drivers/HAL/LCD/LCD.o
 .text.HAL_LCD_Init
                0x0000000000000000       0x34 STM32_F103C6_Drivers/HAL/LCD/LCD.o
 .text.HAL_LCD_Send_Command
                0x0000000000000000       0xdc STM32_F103C6_Drivers/HAL/LCD/LCD.o
 .text.HAL_LCD_Display_Char
                0x0000000000000000       0xdc STM32_F103C6_Drivers/HAL/LCD/LCD.o
 .text.HAL_LCD_Clear_Screen
                0x0000000000000000        0xe STM32_F103C6_Drivers/HAL/LCD/LCD.o
 .text.HAL_LCD_Display_String
                0x0000000000000000       0x36 STM32_F103C6_Drivers/HAL/LCD/LCD.o
 .text.HAL_LCD_GoToXY
                0x0000000000000000       0x4a STM32_F103C6_Drivers/HAL/LCD/LCD.o
 .text.HAL_LCD_Display_Number
                0x0000000000000000       0x1e STM32_F103C6_Drivers/HAL/LCD/LCD.o
 .debug_info    0x0000000000000000      0xceb STM32_F103C6_Drivers/HAL/LCD/LCD.o
 .debug_abbrev  0x0000000000000000      0x226 STM32_F103C6_Drivers/HAL/LCD/LCD.o
 .debug_loc     0x0000000000000000      0x2c0 STM32_F103C6_Drivers/HAL/LCD/LCD.o
 .debug_aranges
                0x0000000000000000       0x68 STM32_F103C6_Drivers/HAL/LCD/LCD.o
 .debug_ranges  0x0000000000000000       0x58 STM32_F103C6_Drivers/HAL/LCD/LCD.o
 .debug_macro   0x0000000000000000      0x14a STM32_F103C6_Drivers/HAL/LCD/LCD.o
 .debug_macro   0x0000000000000000      0xa60 STM32_F103C6_Drivers/HAL/LCD/LCD.o
 .debug_macro   0x0000000000000000       0x2e STM32_F103C6_Drivers/HAL/LCD/LCD.o
 .debug_macro   0x0000000000000000       0x18 STM32_F103C6_Drivers/HAL/LCD/LCD.o
 .debug_macro   0x0000000000000000       0x22 STM32_F103C6_Drivers/HAL/LCD/LCD.o
 .debug_macro   0x0000000000000000       0x40 STM32_F103C6_Drivers/HAL/LCD/LCD.o
 .debug_macro   0x0000000000000000       0x94 STM32_F103C6_Drivers/HAL/LCD/LCD.o
 .debug_macro   0x0000000000000000       0x3c STM32_F103C6_Drivers/HAL/LCD/LCD.o
 .debug_macro   0x0000000000000000       0x34 STM32_F103C6_Drivers/HAL/LCD/LCD.o
 .debug_macro   0x0000000000000000       0x16 STM32_F103C6_Drivers/HAL/LCD/LCD.o
 .debug_macro   0x0000000000000000      0x10e STM32_F103C6_Drivers/HAL/LCD/LCD.o
 .debug_macro   0x0000000000000000       0x8d STM32_F103C6_Drivers/HAL/LCD/LCD.o
 .debug_macro   0x0000000000000000       0x57 STM32_F103C6_Drivers/HAL/LCD/LCD.o
 .debug_macro   0x0000000000000000       0x52 STM32_F103C6_Drivers/HAL/LCD/LCD.o
 .debug_macro   0x0000000000000000       0x1f STM32_F103C6_Drivers/HAL/LCD/LCD.o
 .debug_macro   0x0000000000000000       0x43 STM32_F103C6_Drivers/HAL/LCD/LCD.o
 .debug_macro   0x0000000000000000       0x20 STM32_F103C6_Drivers/HAL/LCD/LCD.o
 .debug_macro   0x0000000000000000      0x1a3 STM32_F103C6_Drivers/HAL/LCD/LCD.o
 .debug_macro   0x0000000000000000      0x330 STM32_F103C6_Drivers/HAL/LCD/LCD.o
 .debug_macro   0x0000000000000000       0x16 STM32_F103C6_Drivers/HAL/LCD/LCD.o
 .debug_macro   0x0000000000000000       0x29 STM32_F103C6_Drivers/HAL/LCD/LCD.o
 .debug_macro   0x0000000000000000      0x240 STM32_F103C6_Drivers/HAL/LCD/LCD.o
 .debug_macro   0x0000000000000000       0xc4 STM32_F103C6_Drivers/HAL/LCD/LCD.o
 .debug_macro   0x0000000000000000       0x94 STM32_F103C6_Drivers/HAL/LCD/LCD.o
 .debug_line    0x0000000000000000      0x6e6 STM32_F103C6_Drivers/HAL/LCD/LCD.o
 .debug_str     0x0000000000000000     0x78c1 STM32_F103C6_Drivers/HAL/LCD/LCD.o
 .comment       0x0000000000000000       0x7c STM32_F103C6_Drivers/HAL/LCD/LCD.o
 .debug_frame   0x0000000000000000      0x164 STM32_F103C6_Drivers/HAL/LCD/LCD.o
 .ARM.attributes
                0x0000000000000000       0x33 STM32_F103C6_Drivers/HAL/LCD/LCD.o
 .group         0x0000000000000000        0xc STM32_F103C6_Drivers/MCAL/EXTI/EXTI.o
 .group         0x0000000000000000        0xc STM32_F103C6_Drivers/MCAL/EXTI/EXTI.o
 .group         0x0000000000000000        0xc STM32_F103C6_Drivers/MCAL/EXTI/EXTI.o
 .group         0x0000000000000000        0xc STM32_F103C6_Drivers/MCAL/EXTI/EXTI.o
 .group         0x0000000000000000        0xc STM32_F103C6_Drivers/MCAL/EXTI/EXTI.o
 .group         0x0000000000000000        0xc STM32_F103C6_Drivers/MCAL/EXTI/EXTI.o
 .group         0x0000000000000000        0xc STM32_F103C6_Drivers/MCAL/EXTI/EXTI.o
 .group         0x0000000000000000        0xc STM32_F103C6_Drivers/MCAL/EXTI/EXTI.o
 .group         0x0000000000000000        0xc STM32_F103C6_Drivers/MCAL/EXTI/EXTI.o
 .group         0x0000000000000000        0xc STM32_F103C6_Drivers/MCAL/EXTI/EXTI.o
 .group         0x0000000000000000        0xc STM32_F103C6_Drivers/MCAL/EXTI/EXTI.o
 .group         0x0000000000000000        0xc STM32_F103C6_Drivers/MCAL/EXTI/EXTI.o
 .group         0x0000000000000000        0xc STM32_F103C6_Drivers/MCAL/EXTI/EXTI.o
 .group         0x0000000000000000        0xc STM32_F103C6_Drivers/MCAL/EXTI/EXTI.o
 .group         0x0000000000000000        0xc STM32_F103C6_Drivers/MCAL/EXTI/EXTI.o
 .group         0x0000000000000000        0xc STM32_F103C6_Drivers/MCAL/EXTI/EXTI.o
 .group         0x0000000000000000        0xc STM32_F103C6_Drivers/MCAL/EXTI/EXTI.o
 .group         0x0000000000000000        0xc STM32_F103C6_Drivers/MCAL/EXTI/EXTI.o
 .group         0x0000000000000000        0xc STM32_F103C6_Drivers/MCAL/EXTI/EXTI.o
 .group         0x0000000000000000        0xc STM32_F103C6_Drivers/MCAL/EXTI/EXTI.o
 .group         0x0000000000000000        0xc STM32_F103C6_Drivers/MCAL/EXTI/EXTI.o
 .group         0x0000000000000000        0xc STM32_F103C6_Drivers/MCAL/EXTI/EXTI.o
 .group         0x0000000000000000        0xc STM32_F103C6_Drivers/MCAL/EXTI/EXTI.o
 .text          0x0000000000000000        0x0 STM32_F103C6_Drivers/MCAL/EXTI/EXTI.o
 .data          0x0000000000000000        0x0 STM32_F103C6_Drivers/MCAL/EXTI/EXTI.o
 .bss           0x0000000000000000        0x0 STM32_F103C6_Drivers/MCAL/EXTI/EXTI.o
 .text.Private_Enable_NVIC
                0x0000000000000000       0xcc STM32_F103C6_Drivers/MCAL/EXTI/EXTI.o
 .text.Private_Disable_NVIC
                0x0000000000000000       0xcc STM32_F103C6_Drivers/MCAL/EXTI/EXTI.o
 .text.Private_EXTI_Update
                0x0000000000000000      0x1e8 STM32_F103C6_Drivers/MCAL/EXTI/EXTI.o
 .text.MCAL_EXTI_Init
                0x0000000000000000       0x16 STM32_F103C6_Drivers/MCAL/EXTI/EXTI.o
 .text.MCAL_EXTI_DeInit
                0x0000000000000000       0x94 STM32_F103C6_Drivers/MCAL/EXTI/EXTI.o
 .text.MCAL_EXTI_Update
                0x0000000000000000       0x16 STM32_F103C6_Drivers/MCAL/EXTI/EXTI.o
 .debug_macro   0x0000000000000000      0xa60 STM32_F103C6_Drivers/MCAL/EXTI/EXTI.o
 .debug_macro   0x0000000000000000       0x2e STM32_F103C6_Drivers/MCAL/EXTI/EXTI.o
 .debug_macro   0x0000000000000000       0x18 STM32_F103C6_Drivers/MCAL/EXTI/EXTI.o
 .debug_macro   0x0000000000000000       0x22 STM32_F103C6_Drivers/MCAL/EXTI/EXTI.o
 .debug_macro   0x0000000000000000       0x40 STM32_F103C6_Drivers/MCAL/EXTI/EXTI.o
 .debug_macro   0x0000000000000000       0x94 STM32_F103C6_Drivers/MCAL/EXTI/EXTI.o
 .debug_macro   0x0000000000000000       0x3c STM32_F103C6_Drivers/MCAL/EXTI/EXTI.o
 .debug_macro   0x0000000000000000       0x34 STM32_F103C6_Drivers/MCAL/EXTI/EXTI.o
 .debug_macro   0x0000000000000000       0x16 STM32_F103C6_Drivers/MCAL/EXTI/EXTI.o
 .debug_macro   0x0000000000000000      0x10e STM32_F103C6_Drivers/MCAL/EXTI/EXTI.o
 .debug_macro   0x0000000000000000       0x8d STM32_F103C6_Drivers/MCAL/EXTI/EXTI.o
 .debug_macro   0x0000000000000000       0x57 STM32_F103C6_Drivers/MCAL/EXTI/EXTI.o
 .debug_macro   0x0000000000000000       0x52 STM32_F103C6_Drivers/MCAL/EXTI/EXTI.o
 .debug_macro   0x0000000000000000       0x1f STM32_F103C6_Drivers/MCAL/EXTI/EXTI.o
 .debug_macro   0x0000000000000000       0x43 STM32_F103C6_Drivers/MCAL/EXTI/EXTI.o
 .debug_macro   0x0000000000000000       0x20 STM32_F103C6_Drivers/MCAL/EXTI/EXTI.o
 .debug_macro   0x0000000000000000      0x1a3 STM32_F103C6_Drivers/MCAL/EXTI/EXTI.o
 .debug_macro   0x0000000000000000      0x330 STM32_F103C6_Drivers/MCAL/EXTI/EXTI.o
 .debug_macro   0x0000000000000000       0x16 STM32_F103C6_Drivers/MCAL/EXTI/EXTI.o
 .debug_macro   0x0000000000000000       0x29 STM32_F103C6_Drivers/MCAL/EXTI/EXTI.o
 .debug_macro   0x0000000000000000      0x240 STM32_F103C6_Drivers/MCAL/EXTI/EXTI.o
 .debug_macro   0x0000000000000000       0xc4 STM32_F103C6_Drivers/MCAL/EXTI/EXTI.o
 .group         0x0000000000000000        0xc STM32_F103C6_Drivers/MCAL/GPIO/GPIO.o
 .group         0x0000000000000000        0xc STM32_F103C6_Drivers/MCAL/GPIO/GPIO.o
 .group         0x0000000000000000        0xc STM32_F103C6_Drivers/MCAL/GPIO/GPIO.o
 .group         0x0000000000000000        0xc STM32_F103C6_Drivers/MCAL/GPIO/GPIO.o
 .group         0x0000000000000000        0xc STM32_F103C6_Drivers/MCAL/GPIO/GPIO.o
 .group         0x0000000000000000        0xc STM32_F103C6_Drivers/MCAL/GPIO/GPIO.o
 .group         0x0000000000000000        0xc STM32_F103C6_Drivers/MCAL/GPIO/GPIO.o
 .group         0x0000000000000000        0xc STM32_F103C6_Drivers/MCAL/GPIO/GPIO.o
 .group         0x0000000000000000        0xc STM32_F103C6_Drivers/MCAL/GPIO/GPIO.o
 .group         0x0000000000000000        0xc STM32_F103C6_Drivers/MCAL/GPIO/GPIO.o
 .group         0x0000000000000000        0xc STM32_F103C6_Drivers/MCAL/GPIO/GPIO.o
 .group         0x0000000000000000        0xc STM32_F103C6_Drivers/MCAL/GPIO/GPIO.o
 .group         0x0000000000000000        0xc STM32_F103C6_Drivers/MCAL/GPIO/GPIO.o
 .group         0x0000000000000000        0xc STM32_F103C6_Drivers/MCAL/GPIO/GPIO.o
 .group         0x0000000000000000        0xc STM32_F103C6_Drivers/MCAL/GPIO/GPIO.o
 .group         0x0000000000000000        0xc STM32_F103C6_Drivers/MCAL/GPIO/GPIO.o
 .group         0x0000000000000000        0xc STM32_F103C6_Drivers/MCAL/GPIO/GPIO.o
 .group         0x0000000000000000        0xc STM32_F103C6_Drivers/MCAL/GPIO/GPIO.o
 .group         0x0000000000000000        0xc STM32_F103C6_Drivers/MCAL/GPIO/GPIO.o
 .group         0x0000000000000000        0xc STM32_F103C6_Drivers/MCAL/GPIO/GPIO.o
 .group         0x0000000000000000        0xc STM32_F103C6_Drivers/MCAL/GPIO/GPIO.o
 .group         0x0000000000000000        0xc STM32_F103C6_Drivers/MCAL/GPIO/GPIO.o
 .text          0x0000000000000000        0x0 STM32_F103C6_Drivers/MCAL/GPIO/GPIO.o
 .data          0x0000000000000000        0x0 STM32_F103C6_Drivers/MCAL/GPIO/GPIO.o
 .bss           0x0000000000000000        0x0 STM32_F103C6_Drivers/MCAL/GPIO/GPIO.o
 .text.MCAL_GPIO_DeInit
                0x0000000000000000       0x3a STM32_F103C6_Drivers/MCAL/GPIO/GPIO.o
 .text.MCAL_GPIO_Pin_Write
                0x0000000000000000       0x48 STM32_F103C6_Drivers/MCAL/GPIO/GPIO.o
 .text.MCAL_GPIO_Port_Write
                0x0000000000000000       0x1c STM32_F103C6_Drivers/MCAL/GPIO/GPIO.o
 .text.MCAL_GPIO_Pin_Read
                0x0000000000000000       0x34 STM32_F103C6_Drivers/MCAL/GPIO/GPIO.o
 .text.MCAL_GPIO_Pin_Toggle
                0x0000000000000000       0x28 STM32_F103C6_Drivers/MCAL/GPIO/GPIO.o
 .text.MCAL_GPIO_Port_Read
                0x0000000000000000       0x1a STM32_F103C6_Drivers/MCAL/GPIO/GPIO.o
 .text.MCAL_GPIO_Pin_Lock
                0x0000000000000000       0x5e STM32_F103C6_Drivers/MCAL/GPIO/GPIO.o
 .debug_macro   0x0000000000000000      0xa60 STM32_F103C6_Drivers/MCAL/GPIO/GPIO.o
 .debug_macro   0x0000000000000000       0x2e STM32_F103C6_Drivers/MCAL/GPIO/GPIO.o
 .debug_macro   0x0000000000000000       0x18 STM32_F103C6_Drivers/MCAL/GPIO/GPIO.o
 .debug_macro   0x0000000000000000       0x22 STM32_F103C6_Drivers/MCAL/GPIO/GPIO.o
 .debug_macro   0x0000000000000000       0x40 STM32_F103C6_Drivers/MCAL/GPIO/GPIO.o
 .debug_macro   0x0000000000000000       0x94 STM32_F103C6_Drivers/MCAL/GPIO/GPIO.o
 .debug_macro   0x0000000000000000       0x3c STM32_F103C6_Drivers/MCAL/GPIO/GPIO.o
 .debug_macro   0x0000000000000000       0x34 STM32_F103C6_Drivers/MCAL/GPIO/GPIO.o
 .debug_macro   0x0000000000000000       0x16 STM32_F103C6_Drivers/MCAL/GPIO/GPIO.o
 .debug_macro   0x0000000000000000      0x10e STM32_F103C6_Drivers/MCAL/GPIO/GPIO.o
 .debug_macro   0x0000000000000000       0x8d STM32_F103C6_Drivers/MCAL/GPIO/GPIO.o
 .debug_macro   0x0000000000000000       0x57 STM32_F103C6_Drivers/MCAL/GPIO/GPIO.o
 .debug_macro   0x0000000000000000       0x52 STM32_F103C6_Drivers/MCAL/GPIO/GPIO.o
 .debug_macro   0x0000000000000000       0x1f STM32_F103C6_Drivers/MCAL/GPIO/GPIO.o
 .debug_macro   0x0000000000000000       0x43 STM32_F103C6_Drivers/MCAL/GPIO/GPIO.o
 .debug_macro   0x0000000000000000       0x20 STM32_F103C6_Drivers/MCAL/GPIO/GPIO.o
 .debug_macro   0x0000000000000000      0x1a3 STM32_F103C6_Drivers/MCAL/GPIO/GPIO.o
 .debug_macro   0x0000000000000000      0x330 STM32_F103C6_Drivers/MCAL/GPIO/GPIO.o
 .debug_macro   0x0000000000000000       0x16 STM32_F103C6_Drivers/MCAL/GPIO/GPIO.o
 .debug_macro   0x0000000000000000       0x29 STM32_F103C6_Drivers/MCAL/GPIO/GPIO.o
 .debug_macro   0x0000000000000000      0x240 STM32_F103C6_Drivers/MCAL/GPIO/GPIO.o
 .debug_macro   0x0000000000000000       0xc4 STM32_F103C6_Drivers/MCAL/GPIO/GPIO.o
 .group         0x0000000000000000        0xc STM32_F103C6_Drivers/MCAL/RCC/RCC.o
 .group         0x0000000000000000        0xc STM32_F103C6_Drivers/MCAL/RCC/RCC.o
 .group         0x0000000000000000        0xc STM32_F103C6_Drivers/MCAL/RCC/RCC.o
 .group         0x0000000000000000        0xc STM32_F103C6_Drivers/MCAL/RCC/RCC.o
 .group         0x0000000000000000        0xc STM32_F103C6_Drivers/MCAL/RCC/RCC.o
 .group         0x0000000000000000        0xc STM32_F103C6_Drivers/MCAL/RCC/RCC.o
 .group         0x0000000000000000        0xc STM32_F103C6_Drivers/MCAL/RCC/RCC.o
 .group         0x0000000000000000        0xc STM32_F103C6_Drivers/MCAL/RCC/RCC.o
 .group         0x0000000000000000        0xc STM32_F103C6_Drivers/MCAL/RCC/RCC.o
 .group         0x0000000000000000        0xc STM32_F103C6_Drivers/MCAL/RCC/RCC.o
 .group         0x0000000000000000        0xc STM32_F103C6_Drivers/MCAL/RCC/RCC.o
 .group         0x0000000000000000        0xc STM32_F103C6_Drivers/MCAL/RCC/RCC.o
 .group         0x0000000000000000        0xc STM32_F103C6_Drivers/MCAL/RCC/RCC.o
 .group         0x0000000000000000        0xc STM32_F103C6_Drivers/MCAL/RCC/RCC.o
 .group         0x0000000000000000        0xc STM32_F103C6_Drivers/MCAL/RCC/RCC.o
 .group         0x0000000000000000        0xc STM32_F103C6_Drivers/MCAL/RCC/RCC.o
 .group         0x0000000000000000        0xc STM32_F103C6_Drivers/MCAL/RCC/RCC.o
 .group         0x0000000000000000        0xc STM32_F103C6_Drivers/MCAL/RCC/RCC.o
 .group         0x0000000000000000        0xc STM32_F103C6_Drivers/MCAL/RCC/RCC.o
 .group         0x0000000000000000        0xc STM32_F103C6_Drivers/MCAL/RCC/RCC.o
 .group         0x0000000000000000        0xc STM32_F103C6_Drivers/MCAL/RCC/RCC.o
 .text          0x0000000000000000        0x0 STM32_F103C6_Drivers/MCAL/RCC/RCC.o
 .data          0x0000000000000000        0x0 STM32_F103C6_Drivers/MCAL/RCC/RCC.o
 .bss           0x0000000000000000        0x0 STM32_F103C6_Drivers/MCAL/RCC/RCC.o
 .debug_macro   0x0000000000000000      0xa60 STM32_F103C6_Drivers/MCAL/RCC/RCC.o
 .debug_macro   0x0000000000000000       0x18 STM32_F103C6_Drivers/MCAL/RCC/RCC.o
 .debug_macro   0x0000000000000000       0x22 STM32_F103C6_Drivers/MCAL/RCC/RCC.o
 .debug_macro   0x0000000000000000       0x40 STM32_F103C6_Drivers/MCAL/RCC/RCC.o
 .debug_macro   0x0000000000000000       0x94 STM32_F103C6_Drivers/MCAL/RCC/RCC.o
 .debug_macro   0x0000000000000000       0x3c STM32_F103C6_Drivers/MCAL/RCC/RCC.o
 .debug_macro   0x0000000000000000       0x34 STM32_F103C6_Drivers/MCAL/RCC/RCC.o
 .debug_macro   0x0000000000000000       0x16 STM32_F103C6_Drivers/MCAL/RCC/RCC.o
 .debug_macro   0x0000000000000000      0x10e STM32_F103C6_Drivers/MCAL/RCC/RCC.o
 .debug_macro   0x0000000000000000       0x8d STM32_F103C6_Drivers/MCAL/RCC/RCC.o
 .debug_macro   0x0000000000000000       0x57 STM32_F103C6_Drivers/MCAL/RCC/RCC.o
 .debug_macro   0x0000000000000000       0x52 STM32_F103C6_Drivers/MCAL/RCC/RCC.o
 .debug_macro   0x0000000000000000       0x1f STM32_F103C6_Drivers/MCAL/RCC/RCC.o
 .debug_macro   0x0000000000000000       0x43 STM32_F103C6_Drivers/MCAL/RCC/RCC.o
 .debug_macro   0x0000000000000000       0x20 STM32_F103C6_Drivers/MCAL/RCC/RCC.o
 .debug_macro   0x0000000000000000      0x1a3 STM32_F103C6_Drivers/MCAL/RCC/RCC.o
 .debug_macro   0x0000000000000000      0x330 STM32_F103C6_Drivers/MCAL/RCC/RCC.o
 .debug_macro   0x0000000000000000       0x16 STM32_F103C6_Drivers/MCAL/RCC/RCC.o
 .debug_macro   0x0000000000000000       0x29 STM32_F103C6_Drivers/MCAL/RCC/RCC.o
 .debug_macro   0x0000000000000000       0x2e STM32_F103C6_Drivers/MCAL/RCC/RCC.o
 .debug_macro   0x0000000000000000      0x240 STM32_F103C6_Drivers/MCAL/RCC/RCC.o
 .group         0x0000000000000000        0xc STM32_F103C6_Drivers/MCAL/USART/USART.o
 .group         0x0000000000000000        0xc STM32_F103C6_Drivers/MCAL/USART/USART.o
 .group         0x0000000000000000        0xc STM32_F103C6_Drivers/MCAL/USART/USART.o
 .group         0x0000000000000000        0xc STM32_F103C6_Drivers/MCAL/USART/USART.o
 .group         0x0000000000000000        0xc STM32_F103C6_Drivers/MCAL/USART/USART.o
 .group         0x0000000000000000        0xc STM32_F103C6_Drivers/MCAL/USART/USART.o
 .group         0x0000000000000000        0xc STM32_F103C6_Drivers/MCAL/USART/USART.o
 .group         0x0000000000000000        0xc STM32_F103C6_Drivers/MCAL/USART/USART.o
 .group         0x0000000000000000        0xc STM32_F103C6_Drivers/MCAL/USART/USART.o
 .group         0x0000000000000000        0xc STM32_F103C6_Drivers/MCAL/USART/USART.o
 .group         0x0000000000000000        0xc STM32_F103C6_Drivers/MCAL/USART/USART.o
 .group         0x0000000000000000        0xc STM32_F103C6_Drivers/MCAL/USART/USART.o
 .group         0x0000000000000000        0xc STM32_F103C6_Drivers/MCAL/USART/USART.o
 .group         0x0000000000000000        0xc STM32_F103C6_Drivers/MCAL/USART/USART.o
 .group         0x0000000000000000        0xc STM32_F103C6_Drivers/MCAL/USART/USART.o
 .group         0x0000000000000000        0xc STM32_F103C6_Drivers/MCAL/USART/USART.o
 .group         0x0000000000000000        0xc STM32_F103C6_Drivers/MCAL/USART/USART.o
 .group         0x0000000000000000        0xc STM32_F103C6_Drivers/MCAL/USART/USART.o
 .group         0x0000000000000000        0xc STM32_F103C6_Drivers/MCAL/USART/USART.o
 .group         0x0000000000000000        0xc STM32_F103C6_Drivers/MCAL/USART/USART.o
 .group         0x0000000000000000        0xc STM32_F103C6_Drivers/MCAL/USART/USART.o
 .group         0x0000000000000000        0xc STM32_F103C6_Drivers/MCAL/USART/USART.o
 .group         0x0000000000000000        0xc STM32_F103C6_Drivers/MCAL/USART/USART.o
 .group         0x0000000000000000        0xc STM32_F103C6_Drivers/MCAL/USART/USART.o
 .text          0x0000000000000000        0x0 STM32_F103C6_Drivers/MCAL/USART/USART.o
 .data          0x0000000000000000        0x0 STM32_F103C6_Drivers/MCAL/USART/USART.o
 .bss           0x0000000000000000        0x0 STM32_F103C6_Drivers/MCAL/USART/USART.o
 .text.MCAL_USART_DeInit
                0x0000000000000000       0x8c STM32_F103C6_Drivers/MCAL/USART/USART.o
 .text.MCAL_USART_Wait_TC
                0x0000000000000000       0x20 STM32_F103C6_Drivers/MCAL/USART/USART.o
 .debug_macro   0x0000000000000000      0xa60 STM32_F103C6_Drivers/MCAL/USART/USART.o
 .debug_macro   0x0000000000000000       0x18 STM32_F103C6_Drivers/MCAL/USART/USART.o
 .debug_macro   0x0000000000000000       0x22 STM32_F103C6_Drivers/MCAL/USART/USART.o
 .debug_macro   0x0000000000000000       0x40 STM32_F103C6_Drivers/MCAL/USART/USART.o
 .debug_macro   0x0000000000000000       0x94 STM32_F103C6_Drivers/MCAL/USART/USART.o
 .debug_macro   0x0000000000000000       0x3c STM32_F103C6_Drivers/MCAL/USART/USART.o
 .debug_macro   0x0000000000000000       0x34 STM32_F103C6_Drivers/MCAL/USART/USART.o
 .debug_macro   0x0000000000000000       0x16 STM32_F103C6_Drivers/MCAL/USART/USART.o
 .debug_macro   0x0000000000000000      0x10e STM32_F103C6_Drivers/MCAL/USART/USART.o
 .debug_macro   0x0000000000000000       0x8d STM32_F103C6_Drivers/MCAL/USART/USART.o
 .debug_macro   0x0000000000000000       0x57 STM32_F103C6_Drivers/MCAL/USART/USART.o
 .debug_macro   0x0000000000000000       0x52 STM32_F103C6_Drivers/MCAL/USART/USART.o
 .debug_macro   0x0000000000000000       0x1f STM32_F103C6_Drivers/MCAL/USART/USART.o
 .debug_macro   0x0000000000000000       0x43 STM32_F103C6_Drivers/MCAL/USART/USART.o
 .debug_macro   0x0000000000000000       0x20 STM32_F103C6_Drivers/MCAL/USART/USART.o
 .debug_macro   0x0000000000000000      0x1a3 STM32_F103C6_Drivers/MCAL/USART/USART.o
 .debug_macro   0x0000000000000000      0x330 STM32_F103C6_Drivers/MCAL/USART/USART.o
 .debug_macro   0x0000000000000000       0x16 STM32_F103C6_Drivers/MCAL/USART/USART.o
 .debug_macro   0x0000000000000000       0x29 STM32_F103C6_Drivers/MCAL/USART/USART.o
 .debug_macro   0x0000000000000000       0x2e STM32_F103C6_Drivers/MCAL/USART/USART.o
 .debug_macro   0x0000000000000000      0x240 STM32_F103C6_Drivers/MCAL/USART/USART.o
 .debug_macro   0x0000000000000000       0xc4 STM32_F103C6_Drivers/MCAL/USART/USART.o
 .debug_macro   0x0000000000000000      0x214 STM32_F103C6_Drivers/MCAL/USART/USART.o
 .group         0x0000000000000000        0xc STM32_F103C6_Drivers/main.o
 .group         0x0000000000000000        0xc STM32_F103C6_Drivers/main.o
 .group         0x0000000000000000        0xc STM32_F103C6_Drivers/main.o
 .group         0x0000000000000000        0xc STM32_F103C6_Drivers/main.o
 .group         0x0000000000000000        0xc STM32_F103C6_Drivers/main.o
 .group         0x0000000000000000        0xc STM32_F103C6_Drivers/main.o
 .group         0x0000000000000000        0xc STM32_F103C6_Drivers/main.o
 .group         0x0000000000000000        0xc STM32_F103C6_Drivers/main.o
 .group         0x0000000000000000        0xc STM32_F103C6_Drivers/main.o
 .group         0x0000000000000000        0xc STM32_F103C6_Drivers/main.o
 .group         0x0000000000000000        0xc STM32_F103C6_Drivers/main.o
 .group         0x0000000000000000        0xc STM32_F103C6_Drivers/main.o
 .group         0x0000000000000000        0xc STM32_F103C6_Drivers/main.o
 .group         0x0000000000000000        0xc STM32_F103C6_Drivers/main.o
 .group         0x0000000000000000        0xc STM32_F103C6_Drivers/main.o
 .group         0x0000000000000000        0xc STM32_F103C6_Drivers/main.o
 .group         0x0000000000000000        0xc STM32_F103C6_Drivers/main.o
 .group         0x0000000000000000        0xc STM32_F103C6_Drivers/main.o
 .group         0x0000000000000000        0xc STM32_F103C6_Drivers/main.o
 .group         0x0000000000000000        0xc STM32_F103C6_Drivers/main.o
 .group         0x0000000000000000        0xc STM32_F103C6_Drivers/main.o
 .group         0x0000000000000000        0xc STM32_F103C6_Drivers/main.o
 .group         0x0000000000000000        0xc STM32_F103C6_Drivers/main.o
 .group         0x0000000000000000        0xc STM32_F103C6_Drivers/main.o
 .group         0x0000000000000000        0xc STM32_F103C6_Drivers/main.o
 .group         0x0000000000000000        0xc STM32_F103C6_Drivers/main.o
 .text          0x0000000000000000        0x0 STM32_F103C6_Drivers/main.o
 .data          0x0000000000000000        0x0 STM32_F103C6_Drivers/main.o
 .bss           0x0000000000000000        0x0 STM32_F103C6_Drivers/main.o
 .text.wait     0x0000000000000000       0x38 STM32_F103C6_Drivers/main.o
 .debug_macro   0x0000000000000000      0xa60 STM32_F103C6_Drivers/main.o
 .debug_macro   0x0000000000000000       0x18 STM32_F103C6_Drivers/main.o
 .debug_macro   0x0000000000000000       0x22 STM32_F103C6_Drivers/main.o
 .debug_macro   0x0000000000000000       0x40 STM32_F103C6_Drivers/main.o
 .debug_macro   0x0000000000000000       0x94 STM32_F103C6_Drivers/main.o
 .debug_macro   0x0000000000000000       0x3c STM32_F103C6_Drivers/main.o
 .debug_macro   0x0000000000000000       0x34 STM32_F103C6_Drivers/main.o
 .debug_macro   0x0000000000000000       0x16 STM32_F103C6_Drivers/main.o
 .debug_macro   0x0000000000000000      0x10e STM32_F103C6_Drivers/main.o
 .debug_macro   0x0000000000000000       0x8d STM32_F103C6_Drivers/main.o
 .debug_macro   0x0000000000000000       0x57 STM32_F103C6_Drivers/main.o
 .debug_macro   0x0000000000000000       0x52 STM32_F103C6_Drivers/main.o
 .debug_macro   0x0000000000000000       0x1f STM32_F103C6_Drivers/main.o
 .debug_macro   0x0000000000000000       0x43 STM32_F103C6_Drivers/main.o
 .debug_macro   0x0000000000000000       0x20 STM32_F103C6_Drivers/main.o
 .debug_macro   0x0000000000000000      0x1a3 STM32_F103C6_Drivers/main.o
 .debug_macro   0x0000000000000000      0x330 STM32_F103C6_Drivers/main.o
 .debug_macro   0x0000000000000000       0x16 STM32_F103C6_Drivers/main.o
 .debug_macro   0x0000000000000000       0x29 STM32_F103C6_Drivers/main.o
 .debug_macro   0x0000000000000000       0x2e STM32_F103C6_Drivers/main.o
 .debug_macro   0x0000000000000000      0x240 STM32_F103C6_Drivers/main.o
 .debug_macro   0x0000000000000000       0xc4 STM32_F103C6_Drivers/main.o
 .debug_macro   0x0000000000000000       0x94 STM32_F103C6_Drivers/main.o
 .debug_macro   0x0000000000000000       0x2e STM32_F103C6_Drivers/main.o
 .debug_macro   0x0000000000000000      0x214 STM32_F103C6_Drivers/main.o
 .debug_macro   0x0000000000000000       0xdc STM32_F103C6_Drivers/main.o
 .group         0x0000000000000000        0xc Src/syscalls.o
 .group         0x0000000000000000        0xc Src/syscalls.o
 .group         0x0000000000000000        0xc Src/syscalls.o
 .group         0x0000000000000000        0xc Src/syscalls.o
 .group         0x0000000000000000        0xc Src/syscalls.o
 .group         0x0000000000000000        0xc Src/syscalls.o
 .group         0x0000000000000000        0xc Src/syscalls.o
 .group         0x0000000000000000        0xc Src/syscalls.o
 .group         0x0000000000000000        0xc Src/syscalls.o
 .group         0x0000000000000000        0xc Src/syscalls.o
 .group         0x0000000000000000        0xc Src/syscalls.o
 .group         0x0000000000000000        0xc Src/syscalls.o
 .group         0x0000000000000000        0xc Src/syscalls.o
 .group         0x0000000000000000        0xc Src/syscalls.o
 .group         0x0000000000000000        0xc Src/syscalls.o
 .group         0x0000000000000000        0xc Src/syscalls.o
 .group         0x0000000000000000        0xc Src/syscalls.o
 .group         0x0000000000000000        0xc Src/syscalls.o
 .group         0x0000000000000000        0xc Src/syscalls.o
 .group         0x0000000000000000        0xc Src/syscalls.o
 .group         0x0000000000000000        0xc Src/syscalls.o
 .group         0x0000000000000000        0xc Src/syscalls.o
 .group         0x0000000000000000        0xc Src/syscalls.o
 .group         0x0000000000000000        0xc Src/syscalls.o
 .group         0x0000000000000000        0xc Src/syscalls.o
 .group         0x0000000000000000        0xc Src/syscalls.o
 .group         0x0000000000000000        0xc Src/syscalls.o
 .group         0x0000000000000000        0xc Src/syscalls.o
 .group         0x0000000000000000        0xc Src/syscalls.o
 .group         0x0000000000000000        0xc Src/syscalls.o
 .group         0x0000000000000000        0xc Src/syscalls.o
 .group         0x0000000000000000        0xc Src/syscalls.o
 .group         0x0000000000000000        0xc Src/syscalls.o
 .group         0x0000000000000000        0xc Src/syscalls.o
 .group         0x0000000000000000        0xc Src/syscalls.o
 .group         0x0000000000000000        0xc Src/syscalls.o
 .group         0x0000000000000000        0xc Src/syscalls.o
 .group         0x0000000000000000        0xc Src/syscalls.o
 .group         0x0000000000000000        0xc Src/syscalls.o
 .group         0x0000000000000000        0xc Src/syscalls.o
 .group         0x0000000000000000        0xc Src/syscalls.o
 .group         0x0000000000000000        0xc Src/syscalls.o
 .group         0x0000000000000000        0xc Src/syscalls.o
 .group         0x0000000000000000        0xc Src/syscalls.o
 .text          0x0000000000000000        0x0 Src/syscalls.o
 .data          0x0000000000000000        0x0 Src/syscalls.o
 .bss           0x0000000000000000        0x0 Src/syscalls.o
 .bss.__env     0x0000000000000000        0x4 Src/syscalls.o
 .data.environ  0x0000000000000000        0x4 Src/syscalls.o
 .text.initialise_monitor_handles
                0x0000000000000000        0xc Src/syscalls.o
 .text._getpid  0x0000000000000000        0xe Src/syscalls.o
 .text._kill    0x0000000000000000       0x20 Src/syscalls.o
 .text._exit    0x0000000000000000       0x14 Src/syscalls.o
 .text._read    0x0000000000000000       0x3a Src/syscalls.o
 .text._write   0x0000000000000000       0x38 Src/syscalls.o
 .text._close   0x0000000000000000       0x16 Src/syscalls.o
 .text._fstat   0x0000000000000000       0x1e Src/syscalls.o
 .text._isatty  0x0000000000000000       0x14 Src/syscalls.o
 .text._lseek   0x0000000000000000       0x18 Src/syscalls.o
 .text._open    0x0000000000000000       0x1a Src/syscalls.o
 .text._wait    0x0000000000000000       0x1e Src/syscalls.o
 .text._unlink  0x0000000000000000       0x1e Src/syscalls.o
 .text._times   0x0000000000000000       0x16 Src/syscalls.o
 .text._stat    0x0000000000000000       0x1e Src/syscalls.o
 .text._link    0x0000000000000000       0x20 Src/syscalls.o
 .text._fork    0x0000000000000000       0x16 Src/syscalls.o
 .text._execve  0x0000000000000000       0x22 Src/syscalls.o
 .debug_info    0x0000000000000000     0x1038 Src/syscalls.o
 .debug_abbrev  0x0000000000000000      0x254 Src/syscalls.o
 .debug_loc     0x0000000000000000      0x5b8 Src/syscalls.o
 .debug_aranges
                0x0000000000000000       0xa8 Src/syscalls.o
 .debug_ranges  0x0000000000000000       0x98 Src/syscalls.o
 .debug_macro   0x0000000000000000      0x243 Src/syscalls.o
 .debug_macro   0x0000000000000000      0xa60 Src/syscalls.o
 .debug_macro   0x0000000000000000       0x22 Src/syscalls.o
 .debug_macro   0x0000000000000000       0x40 Src/syscalls.o
 .debug_macro   0x0000000000000000       0x18 Src/syscalls.o
 .debug_macro   0x0000000000000000       0x94 Src/syscalls.o
 .debug_macro   0x0000000000000000       0x3c Src/syscalls.o
 .debug_macro   0x0000000000000000       0x34 Src/syscalls.o
 .debug_macro   0x0000000000000000       0x57 Src/syscalls.o
 .debug_macro   0x0000000000000000      0x174 Src/syscalls.o
 .debug_macro   0x0000000000000000      0x330 Src/syscalls.o
 .debug_macro   0x0000000000000000       0x52 Src/syscalls.o
 .debug_macro   0x0000000000000000       0x1f Src/syscalls.o
 .debug_macro   0x0000000000000000       0x43 Src/syscalls.o
 .debug_macro   0x0000000000000000       0x20 Src/syscalls.o
 .debug_macro   0x0000000000000000      0x1a3 Src/syscalls.o
 .debug_macro   0x0000000000000000       0x10 Src/syscalls.o
 .debug_macro   0x0000000000000000       0x35 Src/syscalls.o
 .debug_macro   0x0000000000000000       0x10 Src/syscalls.o
 .debug_macro   0x0000000000000000       0x10 Src/syscalls.o
 .debug_macro   0x0000000000000000       0x10 Src/syscalls.o
 .debug_macro   0x0000000000000000       0x6a Src/syscalls.o
 .debug_macro   0x0000000000000000       0x1c Src/syscalls.o
 .debug_macro   0x0000000000000000       0x52 Src/syscalls.o
 .debug_macro   0x0000000000000000       0x40 Src/syscalls.o
 .debug_macro   0x0000000000000000       0x10 Src/syscalls.o
 .debug_macro   0x0000000000000000       0x40 Src/syscalls.o
 .debug_macro   0x0000000000000000       0xd7 Src/syscalls.o
 .debug_macro   0x0000000000000000       0x1c Src/syscalls.o
 .debug_macro   0x0000000000000000       0x3d Src/syscalls.o
 .debug_macro   0x0000000000000000       0x35 Src/syscalls.o
 .debug_macro   0x0000000000000000      0x122 Src/syscalls.o
 .debug_macro   0x0000000000000000       0x16 Src/syscalls.o
 .debug_macro   0x0000000000000000       0x16 Src/syscalls.o
 .debug_macro   0x0000000000000000       0x29 Src/syscalls.o
 .debug_macro   0x0000000000000000       0x10 Src/syscalls.o
 .debug_macro   0x0000000000000000      0x241 Src/syscalls.o
 .debug_macro   0x0000000000000000       0x1c Src/syscalls.o
 .debug_macro   0x0000000000000000       0x10 Src/syscalls.o
 .debug_macro   0x0000000000000000       0x10 Src/syscalls.o
 .debug_macro   0x0000000000000000       0x16 Src/syscalls.o
 .debug_macro   0x0000000000000000      0x145 Src/syscalls.o
 .debug_macro   0x0000000000000000      0x189 Src/syscalls.o
 .debug_macro   0x0000000000000000       0x16 Src/syscalls.o
 .debug_macro   0x0000000000000000       0x88 Src/syscalls.o
 .debug_line    0x0000000000000000      0x739 Src/syscalls.o
 .debug_str     0x0000000000000000     0x8872 Src/syscalls.o
 .comment       0x0000000000000000       0x7c Src/syscalls.o
 .debug_frame   0x0000000000000000      0x2ac Src/syscalls.o
 .ARM.attributes
                0x0000000000000000       0x33 Src/syscalls.o
 .group         0x0000000000000000        0xc Src/sysmem.o
 .group         0x0000000000000000        0xc Src/sysmem.o
 .group         0x0000000000000000        0xc Src/sysmem.o
 .group         0x0000000000000000        0xc Src/sysmem.o
 .group         0x0000000000000000        0xc Src/sysmem.o
 .group         0x0000000000000000        0xc Src/sysmem.o
 .group         0x0000000000000000        0xc Src/sysmem.o
 .group         0x0000000000000000        0xc Src/sysmem.o
 .group         0x0000000000000000        0xc Src/sysmem.o
 .group         0x0000000000000000        0xc Src/sysmem.o
 .group         0x0000000000000000        0xc Src/sysmem.o
 .group         0x0000000000000000        0xc Src/sysmem.o
 .group         0x0000000000000000        0xc Src/sysmem.o
 .group         0x0000000000000000        0xc Src/sysmem.o
 .group         0x0000000000000000        0xc Src/sysmem.o
 .group         0x0000000000000000        0xc Src/sysmem.o
 .group         0x0000000000000000        0xc Src/sysmem.o
 .group         0x0000000000000000        0xc Src/sysmem.o
 .group         0x0000000000000000        0xc Src/sysmem.o
 .text          0x0000000000000000        0x0 Src/sysmem.o
 .data          0x0000000000000000        0x0 Src/sysmem.o
 .bss           0x0000000000000000        0x0 Src/sysmem.o
 .bss.__sbrk_heap_end
                0x0000000000000000        0x4 Src/sysmem.o
 .text._sbrk    0x0000000000000000       0x6c Src/sysmem.o
 .debug_info    0x0000000000000000      0xa7c Src/sysmem.o
 .debug_abbrev  0x0000000000000000      0x18e Src/sysmem.o
 .debug_loc     0x0000000000000000       0x50 Src/sysmem.o
 .debug_aranges
                0x0000000000000000       0x20 Src/sysmem.o
 .debug_ranges  0x0000000000000000       0x10 Src/sysmem.o
 .debug_macro   0x0000000000000000       0xee Src/sysmem.o
 .debug_macro   0x0000000000000000      0xa60 Src/sysmem.o
 .debug_macro   0x0000000000000000       0x10 Src/sysmem.o
 .debug_macro   0x0000000000000000       0x22 Src/sysmem.o
 .debug_macro   0x0000000000000000       0x40 Src/sysmem.o
 .debug_macro   0x0000000000000000       0x18 Src/sysmem.o
 .debug_macro   0x0000000000000000       0x94 Src/sysmem.o
 .debug_macro   0x0000000000000000       0x3c Src/sysmem.o
 .debug_macro   0x0000000000000000       0x34 Src/sysmem.o
 .debug_macro   0x0000000000000000      0x174 Src/sysmem.o
 .debug_macro   0x0000000000000000       0x57 Src/sysmem.o
 .debug_macro   0x0000000000000000       0x52 Src/sysmem.o
 .debug_macro   0x0000000000000000       0x1f Src/sysmem.o
 .debug_macro   0x0000000000000000       0x43 Src/sysmem.o
 .debug_macro   0x0000000000000000       0x20 Src/sysmem.o
 .debug_macro   0x0000000000000000      0x1a3 Src/sysmem.o
 .debug_macro   0x0000000000000000      0x23b Src/sysmem.o
 .debug_macro   0x0000000000000000       0xef Src/sysmem.o
 .debug_macro   0x0000000000000000       0x6a Src/sysmem.o
 .debug_macro   0x0000000000000000      0x1df Src/sysmem.o
 .debug_line    0x0000000000000000      0x4c2 Src/sysmem.o
 .debug_str     0x0000000000000000     0x5f40 Src/sysmem.o
 .comment       0x0000000000000000       0x7c Src/sysmem.o
 .debug_frame   0x0000000000000000       0x34 Src/sysmem.o
 .ARM.attributes
                0x0000000000000000       0x33 Src/sysmem.o
 .text          0x0000000000000000       0x14 Startup/startup_stm32f103c6tx.o
 .data          0x0000000000000000        0x0 Startup/startup_stm32f103c6tx.o
 .bss           0x0000000000000000        0x0 Startup/startup_stm32f103c6tx.o
 .text          0x0000000000000000        0x0 c:/st/stm32cubeide_1.4.0/stm32cubeide/plugins/com.st.stm32cube.ide.mcu.externaltools.gnu-tools-for-stm32.7-2018-q2-update.win32_1.4.0.202007081208/tools/bin/../lib/gcc/arm-none-eabi/7.3.1/../../../../arm-none-eabi/lib/thumb/v7-m\libc_nano.a(lib_a-errno.o)
 .data          0x0000000000000000        0x0 c:/st/stm32cubeide_1.4.0/stm32cubeide/plugins/com.st.stm32cube.ide.mcu.externaltools.gnu-tools-for-stm32.7-2018-q2-update.win32_1.4.0.202007081208/tools/bin/../lib/gcc/arm-none-eabi/7.3.1/../../../../arm-none-eabi/lib/thumb/v7-m\libc_nano.a(lib_a-errno.o)
 .bss           0x0000000000000000        0x0 c:/st/stm32cubeide_1.4.0/stm32cubeide/plugins/com.st.stm32cube.ide.mcu.externaltools.gnu-tools-for-stm32.7-2018-q2-update.win32_1.4.0.202007081208/tools/bin/../lib/gcc/arm-none-eabi/7.3.1/../../../../arm-none-eabi/lib/thumb/v7-m\libc_nano.a(lib_a-errno.o)
 .text.__errno  0x0000000000000000        0xc c:/st/stm32cubeide_1.4.0/stm32cubeide/plugins/com.st.stm32cube.ide.mcu.externaltools.gnu-tools-for-stm32.7-2018-q2-update.win32_1.4.0.202007081208/tools/bin/../lib/gcc/arm-none-eabi/7.3.1/../../../../arm-none-eabi/lib/thumb/v7-m\libc_nano.a(lib_a-errno.o)
 .debug_frame   0x0000000000000000       0x20 c:/st/stm32cubeide_1.4.0/stm32cubeide/plugins/com.st.stm32cube.ide.mcu.externaltools.gnu-tools-for-stm32.7-2018-q2-update.win32_1.4.0.202007081208/tools/bin/../lib/gcc/arm-none-eabi/7.3.1/../../../../arm-none-eabi/lib/thumb/v7-m\libc_nano.a(lib_a-errno.o)
 .ARM.attributes
                0x0000000000000000       0x2d c:/st/stm32cubeide_1.4.0/stm32cubeide/plugins/com.st.stm32cube.ide.mcu.externaltools.gnu-tools-for-stm32.7-2018-q2-update.win32_1.4.0.202007081208/tools/bin/../lib/gcc/arm-none-eabi/7.3.1/../../../../arm-none-eabi/lib/thumb/v7-m\libc_nano.a(lib_a-errno.o)
 .text          0x0000000000000000        0x0 c:/st/stm32cubeide_1.4.0/stm32cubeide/plugins/com.st.stm32cube.ide.mcu.externaltools.gnu-tools-for-stm32.7-2018-q2-update.win32_1.4.0.202007081208/tools/bin/../lib/gcc/arm-none-eabi/7.3.1/../../../../arm-none-eabi/lib/thumb/v7-m\libc_nano.a(lib_a-exit.o)
 .data          0x0000000000000000        0x0 c:/st/stm32cubeide_1.4.0/stm32cubeide/plugins/com.st.stm32cube.ide.mcu.externaltools.gnu-tools-for-stm32.7-2018-q2-update.win32_1.4.0.202007081208/tools/bin/../lib/gcc/arm-none-eabi/7.3.1/../../../../arm-none-eabi/lib/thumb/v7-m\libc_nano.a(lib_a-exit.o)
 .bss           0x0000000000000000        0x0 c:/st/stm32cubeide_1.4.0/stm32cubeide/plugins/com.st.stm32cube.ide.mcu.externaltools.gnu-tools-for-stm32.7-2018-q2-update.win32_1.4.0.202007081208/tools/bin/../lib/gcc/arm-none-eabi/7.3.1/../../../../arm-none-eabi/lib/thumb/v7-m\libc_nano.a(lib_a-exit.o)
 .text.exit     0x0000000000000000       0x28 c:/st/stm32cubeide_1.4.0/stm32cubeide/plugins/com.st.stm32cube.ide.mcu.externaltools.gnu-tools-for-stm32.7-2018-q2-update.win32_1.4.0.202007081208/tools/bin/../lib/gcc/arm-none-eabi/7.3.1/../../../../arm-none-eabi/lib/thumb/v7-m\libc_nano.a(lib_a-exit.o)
 .debug_frame   0x0000000000000000       0x28 c:/st/stm32cubeide_1.4.0/stm32cubeide/plugins/com.st.stm32cube.ide.mcu.externaltools.gnu-tools-for-stm32.7-2018-q2-update.win32_1.4.0.202007081208/tools/bin/../lib/gcc/arm-none-eabi/7.3.1/../../../../arm-none-eabi/lib/thumb/v7-m\libc_nano.a(lib_a-exit.o)
 .ARM.attributes
                0x0000000000000000       0x2d c:/st/stm32cubeide_1.4.0/stm32cubeide/plugins/com.st.stm32cube.ide.mcu.externaltools.gnu-tools-for-stm32.7-2018-q2-update.win32_1.4.0.202007081208/tools/bin/../lib/gcc/arm-none-eabi/7.3.1/../../../../arm-none-eabi/lib/thumb/v7-m\libc_nano.a(lib_a-exit.o)
 .text          0x0000000000000000        0x0 c:/st/stm32cubeide_1.4.0/stm32cubeide/plugins/com.st.stm32cube.ide.mcu.externaltools.gnu-tools-for-stm32.7-2018-q2-update.win32_1.4.0.202007081208/tools/bin/../lib/gcc/arm-none-eabi/7.3.1/../../../../arm-none-eabi/lib/thumb/v7-m\libc_nano.a(lib_a-impure.o)
 .data          0x0000000000000000        0x0 c:/st/stm32cubeide_1.4.0/stm32cubeide/plugins/com.st.stm32cube.ide.mcu.externaltools.gnu-tools-for-stm32.7-2018-q2-update.win32_1.4.0.202007081208/tools/bin/../lib/gcc/arm-none-eabi/7.3.1/../../../../arm-none-eabi/lib/thumb/v7-m\libc_nano.a(lib_a-impure.o)
 .bss           0x0000000000000000        0x0 c:/st/stm32cubeide_1.4.0/stm32cubeide/plugins/com.st.stm32cube.ide.mcu.externaltools.gnu-tools-for-stm32.7-2018-q2-update.win32_1.4.0.202007081208/tools/bin/../lib/gcc/arm-none-eabi/7.3.1/../../../../arm-none-eabi/lib/thumb/v7-m\libc_nano.a(lib_a-impure.o)
 .data._impure_ptr
                0x0000000000000000        0x4 c:/st/stm32cubeide_1.4.0/stm32cubeide/plugins/com.st.stm32cube.ide.mcu.externaltools.gnu-tools-for-stm32.7-2018-q2-update.win32_1.4.0.202007081208/tools/bin/../lib/gcc/arm-none-eabi/7.3.1/../../../../arm-none-eabi/lib/thumb/v7-m\libc_nano.a(lib_a-impure.o)
 .data.impure_data
                0x0000000000000000       0x60 c:/st/stm32cubeide_1.4.0/stm32cubeide/plugins/com.st.stm32cube.ide.mcu.externaltools.gnu-tools-for-stm32.7-2018-q2-update.win32_1.4.0.202007081208/tools/bin/../lib/gcc/arm-none-eabi/7.3.1/../../../../arm-none-eabi/lib/thumb/v7-m\libc_nano.a(lib_a-impure.o)
 .rodata._global_impure_ptr
                0x0000000000000000        0x4 c:/st/stm32cubeide_1.4.0/stm32cubeide/plugins/com.st.stm32cube.ide.mcu.externaltools.gnu-tools-for-stm32.7-2018-q2-update.win32_1.4.0.202007081208/tools/bin/../lib/gcc/arm-none-eabi/7.3.1/../../../../arm-none-eabi/lib/thumb/v7-m\libc_nano.a(lib_a-impure.o)
 .ARM.attributes
                0x0000000000000000       0x2d c:/st/stm32cubeide_1.4.0/stm32cubeide/plugins/com.st.stm32cube.ide.mcu.externaltools.gnu-tools-for-stm32.7-2018-q2-update.win32_1.4.0.202007081208/tools/bin/../lib/gcc/arm-none-eabi/7.3.1/../../../../arm-none-eabi/lib/thumb/v7-m\libc_nano.a(lib_a-impure.o)
 .text          0x0000000000000000        0x0 c:/st/stm32cubeide_1.4.0/stm32cubeide/plugins/com.st.stm32cube.ide.mcu.externaltools.gnu-tools-for-stm32.7-2018-q2-update.win32_1.4.0.202007081208/tools/bin/../lib/gcc/arm-none-eabi/7.3.1/../../../../arm-none-eabi/lib/thumb/v7-m\libc_nano.a(lib_a-init.o)
 .data          0x0000000000000000        0x0 c:/st/stm32cubeide_1.4.0/stm32cubeide/plugins/com.st.stm32cube.ide.mcu.externaltools.gnu-tools-for-stm32.7-2018-q2-update.win32_1.4.0.202007081208/tools/bin/../lib/gcc/arm-none-eabi/7.3.1/../../../../arm-none-eabi/lib/thumb/v7-m\libc_nano.a(lib_a-init.o)
 .bss           0x0000000000000000        0x0 c:/st/stm32cubeide_1.4.0/stm32cubeide/plugins/com.st.stm32cube.ide.mcu.externaltools.gnu-tools-for-stm32.7-2018-q2-update.win32_1.4.0.202007081208/tools/bin/../lib/gcc/arm-none-eabi/7.3.1/../../../../arm-none-eabi/lib/thumb/v7-m\libc_nano.a(lib_a-init.o)
 .text          0x0000000000000000        0x0 c:/st/stm32cubeide_1.4.0/stm32cubeide/plugins/com.st.stm32cube.ide.mcu.externaltools.gnu-tools-for-stm32.7-2018-q2-update.win32_1.4.0.202007081208/tools/bin/../lib/gcc/arm-none-eabi/7.3.1/../../../../arm-none-eabi/lib/thumb/v7-m\libc_nano.a(lib_a-memset.o)
 .data          0x0000000000000000        0x0 c:/st/stm32cubeide_1.4.0/stm32cubeide/plugins/com.st.stm32cube.ide.mcu.externaltools.gnu-tools-for-stm32.7-2018-q2-update.win32_1.4.0.202007081208/tools/bin/../lib/gcc/arm-none-eabi/7.3.1/../../../../arm-none-eabi/lib/thumb/v7-m\libc_nano.a(lib_a-memset.o)
 .bss           0x0000000000000000        0x0 c:/st/stm32cubeide_1.4.0/stm32cubeide/plugins/com.st.stm32cube.ide.mcu.externaltools.gnu-tools-for-stm32.7-2018-q2-update.win32_1.4.0.202007081208/tools/bin/../lib/gcc/arm-none-eabi/7.3.1/../../../../arm-none-eabi/lib/thumb/v7-m\libc_nano.a(lib_a-memset.o)
 .text.memset   0x0000000000000000       0x10 c:/st/stm32cubeide_1.4.0/stm32cubeide/plugins/com.st.stm32cube.ide.mcu.externaltools.gnu-tools-for-stm32.7-2018-q2-update.win32_1.4.0.202007081208/tools/bin/../lib/gcc/arm-none-eabi/7.3.1/../../../../arm-none-eabi/lib/thumb/v7-m\libc_nano.a(lib_a-memset.o)
 .debug_frame   0x0000000000000000       0x20 c:/st/stm32cubeide_1.4.0/stm32cubeide/plugins/com.st.stm32cube.ide.mcu.externaltools.gnu-tools-for-stm32.7-2018-q2-update.win32_1.4.0.202007081208/tools/bin/../lib/gcc/arm-none-eabi/7.3.1/../../../../arm-none-eabi/lib/thumb/v7-m\libc_nano.a(lib_a-memset.o)
 .ARM.attributes
                0x0000000000000000       0x2d c:/st/stm32cubeide_1.4.0/stm32cubeide/plugins/com.st.stm32cube.ide.mcu.externaltools.gnu-tools-for-stm32.7-2018-q2-update.win32_1.4.0.202007081208/tools/bin/../lib/gcc/arm-none-eabi/7.3.1/../../../../arm-none-eabi/lib/thumb/v7-m\libc_nano.a(lib_a-memset.o)
 .text          0x0000000000000000        0x0 c:/st/stm32cubeide_1.4.0/stm32cubeide/plugins/com.st.stm32cube.ide.mcu.externaltools.gnu-tools-for-stm32.7-2018-q2-update.win32_1.4.0.202007081208/tools/bin/../lib/gcc/arm-none-eabi/7.3.1/thumb/v7-m/crtend.o
 .data          0x0000000000000000        0x0 c:/st/stm32cubeide_1.4.0/stm32cubeide/plugins/com.st.stm32cube.ide.mcu.externaltools.gnu-tools-for-stm32.7-2018-q2-update.win32_1.4.0.202007081208/tools/bin/../lib/gcc/arm-none-eabi/7.3.1/thumb/v7-m/crtend.o
 .bss           0x0000000000000000        0x0 c:/st/stm32cubeide_1.4.0/stm32cubeide/plugins/com.st.stm32cube.ide.mcu.externaltools.gnu-tools-for-stm32.7-2018-q2-update.win32_1.4.0.202007081208/tools/bin/../lib/gcc/arm-none-eabi/7.3.1/thumb/v7-m/crtend.o
 .eh_frame      0x0000000000000000        0x4 c:/st/stm32cubeide_1.4.0/stm32cubeide/plugins/com.st.stm32cube.ide.mcu.externaltools.gnu-tools-for-stm32.7-2018-q2-update.win32_1.4.0.202007081208/tools/bin/../lib/gcc/arm-none-eabi/7.3.1/thumb/v7-m/crtend.o
 .ARM.attributes
                0x0000000000000000       0x2d c:/st/stm32cubeide_1.4.0/stm32cubeide/plugins/com.st.stm32cube.ide.mcu.externaltools.gnu-tools-for-stm32.7-2018-q2-update.win32_1.4.0.202007081208/tools/bin/../lib/gcc/arm-none-eabi/7.3.1/thumb/v7-m/crtend.o
 .text          0x0000000000000000        0x0 c:/st/stm32cubeide_1.4.0/stm32cubeide/plugins/com.st.stm32cube.ide.mcu.externaltools.gnu-tools-for-stm32.7-2018-q2-update.win32_1.4.0.202007081208/tools/bin/../lib/gcc/arm-none-eabi/7.3.1/thumb/v7-m/crtn.o
 .data          0x0000000000000000        0x0 c:/st/stm32cubeide_1.4.0/stm32cubeide/plugins/com.st.stm32cube.ide.mcu.externaltools.gnu-tools-for-stm32.7-2018-q2-update.win32_1.4.0.202007081208/tools/bin/../lib/gcc/arm-none-eabi/7.3.1/thumb/v7-m/crtn.o
 .bss           0x0000000000000000        0x0 c:/st/stm32cubeide_1.4.0/stm32cubeide/plugins/com.st.stm32cube.ide.mcu.externaltools.gnu-tools-for-stm32.7-2018-q2-update.win32_1.4.0.202007081208/tools/bin/../lib/gcc/arm-none-eabi/7.3.1/thumb/v7-m/crtn.o

Memory Configuration

Name             Origin             Length             Attributes
RAM              0x0000000020000000 0x0000000000002800 xrw
ROM              0x0000000008000000 0x0000000000008000 xr
*default*        0x0000000000000000 0xffffffffffffffff

Linker script and memory map

LOAD c:/st/stm32cubeide_1.4.0/stm32cubeide/plugins/com.st.stm32cube.ide.mcu.externaltools.gnu-tools-for-stm32.7-2018-q2-update.win32_1.4.0.202007081208/tools/bin/../lib/gcc/arm-none-eabi/7.3.1/thumb/v7-m/crti.o
LOAD c:/st/stm32cubeide_1.4.0/stm32cubeide/plugins/com.st.stm32cube.ide.mcu.externaltools.gnu-tools-for-stm32.7-2018-q2-update.win32_1.4.0.202007081208/tools/bin/../lib/gcc/arm-none-eabi/7.3.1/thumb/v7-m/crtbegin.o
LOAD c:/st/stm32cubeide_1.4.0/stm32cubeide/plugins/com.st.stm32cube.ide.mcu.externaltools.gnu-tools-for-stm32.7-2018-q2-update.win32_1.4.0.202007081208/tools/bin/../lib/gcc/arm-none-eabi/7.3.1/../../../../arm-none-eabi/lib/thumb/v7-m/crt0.o
LOAD STM32_F103C6_Drivers/HAL/KEYPAD/KEYPAD.o
LOAD STM32_F103C6_Drivers/HAL/LCD/LCD.o
LOAD STM32_F103C6_Drivers/MCAL/EXTI/EXTI.o
LOAD STM32_F103C6_Drivers/MCAL/GPIO/GPIO.o
LOAD STM32_F103C6_Drivers/MCAL/RCC/RCC.o
LOAD STM32_F103C6_Drivers/MCAL/USART/USART.o
LOAD STM32_F103C6_Drivers/main.o
LOAD Src/syscalls.o
LOAD Src/sysmem.o
LOAD Startup/startup_stm32f103c6tx.o
START GROUP
LOAD c:/st/stm32cubeide_1.4.0/stm32cubeide/plugins/com.st.stm32cube.ide.mcu.externaltools.gnu-tools-for-stm32.7-2018-q2-update.win32_1.4.0.202007081208/tools/bin/../lib/gcc/arm-none-eabi/7.3.1/../../../../arm-none-eabi/lib/thumb/v7-m\libc_nano.a
LOAD c:/st/stm32cubeide_1.4.0/stm32cubeide/plugins/com.st.stm32cube.ide.mcu.externaltools.gnu-tools-for-stm32.7-2018-q2-update.win32_1.4.0.202007081208/tools/bin/../lib/gcc/arm-none-eabi/7.3.1/../../../../arm-none-eabi/lib/thumb/v7-m\libm.a
END GROUP
START GROUP
LOAD c:/st/stm32cubeide_1.4.0/stm32cubeide/plugins/com.st.stm32cube.ide.mcu.externaltools.gnu-tools-for-stm32.7-2018-q2-update.win32_1.4.0.202007081208/tools/bin/../lib/gcc/arm-none-eabi/7.3.1/thumb/v7-m\libgcc.a
LOAD c:/st/stm32cubeide_1.4.0/stm32cubeide/plugins/com.st.stm32cube.ide.mcu.externaltools.gnu-tools-for-stm32.7-2018-q2-update.win32_1.4.0.202007081208/tools/bin/../lib/gcc/arm-none-eabi/7.3.1/../../../../arm-none-eabi/lib/thumb/v7-m\libg_nano.a
LOAD c:/st/stm32cubeide_1.4.0/stm32cubeide/plugins/com.st.stm32cube.ide.mcu.externaltools.gnu-tools-for-stm32.7-2018-q2-update.win32_1.4.0.202007081208/tools/bin/../lib/gcc/arm-none-eabi/7.3.1/../../../../arm-none-eabi/lib/thumb/v7-m\libc_nano.a
END GROUP
START GROUP
LOAD c:/st/stm32cubeide_1.4.0/stm32cubeide/plugins/com.st.stm32cube.ide.mcu.externaltools.gnu-tools-for-stm32.7-2018-q2-update.win32_1.4.0.202007081208/tools/bin/../lib/gcc/arm-none-eabi/7.3.1/thumb/v7-m\libgcc.a
LOAD c:/st/stm32cubeide_1.4.0/stm32cubeide/plugins/com.st.stm32cube.ide.mcu.externaltools.gnu-tools-for-stm32.7-2018-q2-update.win32_1.4.0.202007081208/tools/bin/../lib/gcc/arm-none-eabi/7.3.1/../../../../arm-none-eabi/lib/thumb/v7-m\libc_nano.a
LOAD c:/st/stm32cubeide_1.4.0/stm32cubeide/plugins/com.st.stm32cube.ide.mcu.externaltools.gnu-tools-for-stm32.7-2018-q2-update.win32_1.4.0.202007081208/tools/bin/../lib/gcc/arm-none-eabi/7.3.1/../../../../arm-none-eabi/lib/thumb/v7-m\libnosys.a
END GROUP
START GROUP
LOAD c:/st/stm32cubeide_1.4.0/stm32cubeide/plugins/com.st.stm32cube.ide.mcu.externaltools.gnu-tools-for-stm32.7-2018-q2-update.win32_1.4.0.202007081208/tools/bin/../lib/gcc/arm-none-eabi/7.3.1/thumb/v7-m\libgcc.a
LOAD c:/st/stm32cubeide_1.4.0/stm32cubeide/plugins/com.st.stm32cube.ide.mcu.externaltools.gnu-tools-for-stm32.7-2018-q2-update.win32_1.4.0.202007081208/tools/bin/../lib/gcc/arm-none-eabi/7.3.1/../../../../arm-none-eabi/lib/thumb/v7-m\libc_nano.a
LOAD c:/st/stm32cubeide_1.4.0/stm32cubeide/plugins/com.st.stm32cube.ide.mcu.externaltools.gnu-tools-for-stm32.7-2018-q2-update.win32_1.4.0.202007081208/tools/bin/../lib/gcc/arm-none-eabi/7.3.1/../../../../arm-none-eabi/lib/thumb/v7-m\libnosys.a
END GROUP
LOAD c:/st/stm32cubeide_1.4.0/stm32cubeide/plugins/com.st.stm32cube.ide.mcu.externaltools.gnu-tools-for-stm32.7-2018-q2-update.win32_1.4.0.202007081208/tools/bin/../lib/gcc/arm-none-eabi/7.3.1/thumb/v7-m/crtend.o
LOAD c:/st/stm32cubeide_1.4.0/stm32cubeide/plugins/com.st.stm32cube.ide.mcu.externaltools.gnu-tools-for-stm32.7-2018-q2-update.win32_1.4.0.202007081208/tools/bin/../lib/gcc/arm-none-eabi/7.3.1/thumb/v7-m/crtn.o
                0x0000000020002800                _estack = (ORIGIN (RAM) + LENGTH (RAM))
                0x0000000000000200                _Min_Heap_Size = 0x200
                0x0000000000000400                _Min_Stack_Size = 0x400

.isr_vector     0x0000000008000000      0x130
                0x0000000008000000                . = ALIGN (0x4)
 *(.isr_vector)
 .isr_vector    0x0000000008000000      0x130 Startup/startup_stm32f103c6tx.o
                0x0000000008000000                g_pfnVectors
                0x0000000008000130                . = ALIGN (0x4)

.text           0x0000000008000130      0x91c
                0x0000000008000130                . = ALIGN (0x4)
 *(.text)
 .text          0x0000000008000130       0x40 c:/st/stm32cubeide_1.4.0/stm32cubeide/plugins/com.st.stm32cube.ide.mcu.externaltools.gnu-tools-for-stm32.7-2018-q2-update.win32_1.4.0.202007081208/tools/bin/../lib/gcc/arm-none-eabi/7.3.1/thumb/v7-m/crtbegin.o
 *(.text*)
 .text.EXTI0_IRQHandler
                0x0000000008000170       0x24 STM32_F103C6_Drivers/MCAL/EXTI/EXTI.o
                0x0000000008000170                EXTI0_IRQHandler
 .text.EXTI1_IRQHandler
                0x0000000008000194       0x24 STM32_F103C6_Drivers/MCAL/EXTI/EXTI.o
                0x0000000008000194                EXTI1_IRQHandler
 .text.EXTI2_IRQHandler
                0x00000000080001b8       0x24 STM32_F103C6_Drivers/MCAL/EXTI/EXTI.o
                0x00000000080001b8                EXTI2_IRQHandler
 .text.EXTI3_IRQHandler
                0x00000000080001dc       0x24 STM32_F103C6_Drivers/MCAL/EXTI/EXTI.o
                0x00000000080001dc                EXTI3_IRQHandler
 .text.EXTI4_IRQHandler
                0x0000000008000200       0x24 STM32_F103C6_Drivers/MCAL/EXTI/EXTI.o
                0x0000000008000200                EXTI4_IRQHandler
 .text.EXTI9_5_IRQHandler
                0x0000000008000224       0xa8 STM32_F103C6_Drivers/MCAL/EXTI/EXTI.o
                0x0000000008000224                EXTI9_5_IRQHandler
 .text.EXTI15_10_IRQHandler
                0x00000000080002cc       0xc4 STM32_F103C6_Drivers/MCAL/EXTI/EXTI.o
                0x00000000080002cc                EXTI15_10_IRQHandler
 .text.Private_Get_CRLH_Position
                0x0000000008000390       0xa4 STM32_F103C6_Drivers/MCAL/GPIO/GPIO.o
                0x0000000008000390                Private_Get_CRLH_Position
 .text.MCAL_GPIO_Init
                0x0000000008000434      0x10a STM32_F103C6_Drivers/MCAL/GPIO/GPIO.o
                0x0000000008000434                MCAL_GPIO_Init
 *fill*         0x000000000800053e        0x2 
 .text.MCAL_RCC_Get_PCLK1_Freq
                0x0000000008000540       0x28 STM32_F103C6_Drivers/MCAL/RCC/RCC.o
                0x0000000008000540                MCAL_RCC_Get_PCLK1_Freq
 .text.MCAL_RCC_Get_PCLK2_Freq
                0x0000000008000568       0x28 STM32_F103C6_Drivers/MCAL/RCC/RCC.o
                0x0000000008000568                MCAL_RCC_Get_PCLK2_Freq
 .text.MCAL_RCC_Get_HCLK_Freq
                0x0000000008000590       0x28 STM32_F103C6_Drivers/MCAL/RCC/RCC.o
                0x0000000008000590                MCAL_RCC_Get_HCLK_Freq
 .text.MCAL_RCC_Get_SYSCLK_Freq
                0x00000000080005b8       0x3c STM32_F103C6_Drivers/MCAL/RCC/RCC.o
                0x00000000080005b8                MCAL_RCC_Get_SYSCLK_Freq
 .text.MCAL_USART_Init
                0x00000000080005f4      0x194 STM32_F103C6_Drivers/MCAL/USART/USART.o
                0x00000000080005f4                MCAL_USART_Init
 .text.MCAL_USART_Send_Data
                0x0000000008000788       0x36 STM32_F103C6_Drivers/MCAL/USART/USART.o
                0x0000000008000788                MCAL_USART_Send_Data
 *fill*         0x00000000080007be        0x2 
 .text.MCAL_USART_Recive_Data
                0x00000000080007c0       0x58 STM32_F103C6_Drivers/MCAL/USART/USART.o
                0x00000000080007c0                MCAL_USART_Recive_Data
 .text.MCAL_USART_Set_GPIO_Pins
                0x0000000008000818       0xc4 STM32_F103C6_Drivers/MCAL/USART/USART.o
                0x0000000008000818                MCAL_USART_Set_GPIO_Pins
 .text.USART1_IRQHandler
                0x00000000080008dc        0xe STM32_F103C6_Drivers/MCAL/USART/USART.o
                0x00000000080008dc                USART1_IRQHandler
 .text.USART2_IRQHandler
                0x00000000080008ea        0xe STM32_F103C6_Drivers/MCAL/USART/USART.o
                0x00000000080008ea                USART2_IRQHandler
 .text.USART3_IRQHandler
                0x00000000080008f8        0xe STM32_F103C6_Drivers/MCAL/USART/USART.o
                0x00000000080008f8                USART3_IRQHandler
 *fill*         0x0000000008000906        0x2 
 .text.CLK_init
                0x0000000008000908       0x34 STM32_F103C6_Drivers/main.o
                0x0000000008000908                CLK_init
 .text.main     0x000000000800093c       0x5c STM32_F103C6_Drivers/main.o
                0x000000000800093c                main
 .text.Reset_Handler
                0x0000000008000998       0x50 Startup/startup_stm32f103c6tx.o
                0x0000000008000998                Reset_Handler
 .text.Default_Handler
                0x00000000080009e8        0x2 Startup/startup_stm32f103c6tx.o
                0x00000000080009e8                TIM8_TRG_COM_IRQHandler
                0x00000000080009e8                TIM8_CC_IRQHandler
                0x00000000080009e8                DebugMon_Handler
                0x00000000080009e8                TIM1_CC_IRQHandler
                0x00000000080009e8                HardFault_Handler
                0x00000000080009e8                TIM6_IRQHandler
                0x00000000080009e8                SysTick_Handler
                0x00000000080009e8                PVD_IRQHandler
                0x00000000080009e8                SDIO_IRQHandler
                0x00000000080009e8                PendSV_Handler
                0x00000000080009e8                NMI_Handler
                0x00000000080009e8                USB_HP_CAN_TX_IRQHandler
                0x00000000080009e8                I2C2_EV_IRQHandler
                0x00000000080009e8                UsageFault_Handler
                0x00000000080009e8                ADC1_2_IRQHandler
                0x00000000080009e8                SPI1_IRQHandler
                0x00000000080009e8                CAN_SCE_IRQHandler
                0x00000000080009e8                TAMPER_IRQHandler
                0x00000000080009e8                TIM8_UP_IRQHandler
                0x00000000080009e8                DMA2_Channel2_IRQHandler
                0x00000000080009e8                DMA1_Channel4_IRQHandler
                0x00000000080009e8                RTC_IRQHandler
                0x00000000080009e8                DMA1_Channel7_IRQHandler
                0x00000000080009e8                UART5_IRQHandler
                0x00000000080009e8                ADC3_IRQHandler
                0x00000000080009e8                TIM4_IRQHandler
                0x00000000080009e8                CAN_RX1_IRQHandler
                0x00000000080009e8                DMA2_Channel1_IRQHandler
                0x00000000080009e8                I2C1_EV_IRQHandler
                0x00000000080009e8                DMA1_Channel6_IRQHandler
                0x00000000080009e8                UART4_IRQHandler
                0x00000000080009e8                TIM3_IRQHandler
                0x00000000080009e8                RCC_IRQHandler
                0x00000000080009e8                TIM1_TRG_COM_IRQHandler
                0x00000000080009e8                DMA1_Channel1_IRQHandler
                0x00000000080009e8                Default_Handler
                0x00000000080009e8                TIM7_IRQHandler
                0x00000000080009e8                TIM5_IRQHandler
                0x00000000080009e8                SPI2_IRQHandler
                0x00000000080009e8                USB_LP_CAN_RX0_IRQHandler
                0x00000000080009e8                MemManage_Handler
                0x00000000080009e8                SVC_Handler
                0x00000000080009e8                DMA1_Channel5_IRQHandler
                0x00000000080009e8                DMA1_Channel3_IRQHandler
                0x00000000080009e8                FSMC_IRQHandler
                0x00000000080009e8                TIM1_UP_IRQHandler
                0x00000000080009e8                WWDG_IRQHandler
                0x00000000080009e8                TIM2_IRQHandler
                0x00000000080009e8                TIM1_BRK_IRQHandler
                0x00000000080009e8                RTCAlarm_IRQHandler
                0x00000000080009e8                DMA2_Channel4_5_IRQHandler
                0x00000000080009e8                I2C2_ER_IRQHandler
                0x00000000080009e8                DMA1_Channel2_IRQHandler
                0x00000000080009e8                TIM8_BRK_IRQHandler
                0x00000000080009e8                FLASH_IRQHandler
                0x00000000080009e8                BusFault_Handler
                0x00000000080009e8                SPI3_IRQHandler
                0x00000000080009e8                I2C1_ER_IRQHandler
                0x00000000080009e8                DMA2_Channel3_IRQHandler
 *fill*         0x00000000080009ea        0x2 
 .text.__libc_init_array
                0x00000000080009ec       0x48 c:/st/stm32cubeide_1.4.0/stm32cubeide/plugins/com.st.stm32cube.ide.mcu.externaltools.gnu-tools-for-stm32.7-2018-q2-update.win32_1.4.0.202007081208/tools/bin/../lib/gcc/arm-none-eabi/7.3.1/../../../../arm-none-eabi/lib/thumb/v7-m\libc_nano.a(lib_a-init.o)
                0x00000000080009ec                __libc_init_array
 *(.glue_7)
 .glue_7        0x0000000008000a34        0x0 linker stubs
 *(.glue_7t)
 .glue_7t       0x0000000008000a34        0x0 linker stubs
 *(.eh_frame)
 .eh_frame      0x0000000008000a34        0x0 c:/st/stm32cubeide_1.4.0/stm32cubeide/plugins/com.st.stm32cube.ide.mcu.externaltools.gnu-tools-for-stm32.7-2018-q2-update.win32_1.4.0.202007081208/tools/bin/../lib/gcc/arm-none-eabi/7.3.1/thumb/v7-m/crtbegin.o
 *(.init)
 .init          0x0000000008000a34        0x4 c:/st/stm32cubeide_1.4.0/stm32cubeide/plugins/com.st.stm32cube.ide.mcu.externaltools.gnu-tools-for-stm32.7-2018-q2-update.win32_1.4.0.202007081208/tools/bin/../lib/gcc/arm-none-eabi/7.3.1/thumb/v7-m/crti.o
                0x0000000008000a34                _init
 .init          0x0000000008000a38        0x8 c:/st/stm32cubeide_1.4.0/stm32cubeide/plugins/com.st.stm32cube.ide.mcu.externaltools.gnu-tools-for-stm32.7-2018-q2-update.win32_1.4.0.202007081208/tools/bin/../lib/gcc/arm-none-eabi/7.3.1/thumb/v7-m/crtn.o
 *(.fini)
 .fini          0x0000000008000a40        0x4 c:/st/stm32cubeide_1.4.0/stm32cubeide/plugins/com.st.stm32cube.ide.mcu.externaltools.gnu-tools-for-stm32.7-2018-q2-update.win32_1.4.0.202007081208/tools/bin/../lib/gcc/arm-none-eabi/7.3.1/thumb/v7-m/crti.o
                0x0000000008000a40                _fini
 .fini          0x0000000008000a44        0x8 c:/st/stm32cubeide_1.4.0/stm32cubeide/plugins/com.st.stm32cube.ide.mcu.externaltools.gnu-tools-for-stm32.7-2018-q2-update.win32_1.4.0.202007081208/tools/bin/../lib/gcc/arm-none-eabi/7.3.1/thumb/v7-m/crtn.o
                0x0000000008000a4c                . = ALIGN (0x4)
                0x0000000008000a4c                _etext = .

.vfp11_veneer   0x0000000008000a4c        0x0
 .vfp11_veneer  0x0000000008000a4c        0x0 linker stubs

.v4_bx          0x0000000008000a4c        0x0
 .v4_bx         0x0000000008000a4c        0x0 linker stubs

.iplt           0x0000000008000a4c        0x0
 .iplt          0x0000000008000a4c        0x0 c:/st/stm32cubeide_1.4.0/stm32cubeide/plugins/com.st.stm32cube.ide.mcu.externaltools.gnu-tools-for-stm32.7-2018-q2-update.win32_1.4.0.202007081208/tools/bin/../lib/gcc/arm-none-eabi/7.3.1/thumb/v7-m/crtbegin.o

.rel.dyn        0x0000000008000a4c        0x0
 .rel.iplt      0x0000000008000a4c        0x0 c:/st/stm32cubeide_1.4.0/stm32cubeide/plugins/com.st.stm32cube.ide.mcu.externaltools.gnu-tools-for-stm32.7-2018-q2-update.win32_1.4.0.202007081208/tools/bin/../lib/gcc/arm-none-eabi/7.3.1/thumb/v7-m/crtbegin.o

.rodata         0x0000000008000a4c        0x0
                0x0000000008000a4c                . = ALIGN (0x4)
 *(.rodata)
 *(.rodata*)
                0x0000000008000a4c                . = ALIGN (0x4)

.ARM.extab      0x0000000008000a4c        0x0
                0x0000000008000a4c                . = ALIGN (0x4)
 *(.ARM.extab* .gnu.linkonce.armextab.*)
                0x0000000008000a4c                . = ALIGN (0x4)

.ARM            0x0000000008000a4c        0x0
                0x0000000008000a4c                . = ALIGN (0x4)
                0x0000000008000a4c                __exidx_start = .
 *(.ARM.exidx*)
                0x0000000008000a4c                __exidx_end = .
                0x0000000008000a4c                . = ALIGN (0x4)

.preinit_array  0x0000000008000a4c        0x0
                0x0000000008000a4c                . = ALIGN (0x4)
                0x0000000008000a4c                PROVIDE (__preinit_array_start = .)
 *(.preinit_array*)
                0x0000000008000a4c                PROVIDE (__preinit_array_end = .)
                0x0000000008000a4c                . = ALIGN (0x4)

.init_array     0x0000000008000a4c        0x4
                0x0000000008000a4c                . = ALIGN (0x4)
                0x0000000008000a4c                PROVIDE (__init_array_start = .)
 *(SORT_BY_NAME(.init_array.*))
 *(.init_array*)
 .init_array    0x0000000008000a4c        0x4 c:/st/stm32cubeide_1.4.0/stm32cubeide/plugins/com.st.stm32cube.ide.mcu.externaltools.gnu-tools-for-stm32.7-2018-q2-update.win32_1.4.0.202007081208/tools/bin/../lib/gcc/arm-none-eabi/7.3.1/thumb/v7-m/crtbegin.o
                0x0000000008000a50                PROVIDE (__init_array_end = .)
                0x0000000008000a50                . = ALIGN (0x4)

.fini_array     0x0000000008000a50        0x4
                0x0000000008000a50                . = ALIGN (0x4)
                [!provide]                        PROVIDE (__fini_array_start = .)
 *(SORT_BY_NAME(.fini_array.*))
 *(.fini_array*)
 .fini_array    0x0000000008000a50        0x4 c:/st/stm32cubeide_1.4.0/stm32cubeide/plugins/com.st.stm32cube.ide.mcu.externaltools.gnu-tools-for-stm32.7-2018-q2-update.win32_1.4.0.202007081208/tools/bin/../lib/gcc/arm-none-eabi/7.3.1/thumb/v7-m/crtbegin.o
                [!provide]                        PROVIDE (__fini_array_end = .)
                0x0000000008000a54                . = ALIGN (0x4)
                0x0000000008000a54                _sidata = LOADADDR (.data)

.data           0x0000000020000000       0x18 load address 0x0000000008000a54
                0x0000000020000000                . = ALIGN (0x4)
                0x0000000020000000                _sdata = .
 *(.data)
 *(.data*)
 .data.Priv_APBprescaler
                0x0000000020000000        0x8 STM32_F103C6_Drivers/MCAL/RCC/RCC.o
                0x0000000020000000                Priv_APBprescaler
 .data.Priv_AHBprescaler
                0x0000000020000008       0x10 STM32_F103C6_Drivers/MCAL/RCC/RCC.o
                0x0000000020000008                Priv_AHBprescaler
                0x0000000020000018                . = ALIGN (0x4)
                0x0000000020000018                _edata = .

.igot.plt       0x0000000020000018        0x0 load address 0x0000000008000a6c
 .igot.plt      0x0000000020000018        0x0 c:/st/stm32cubeide_1.4.0/stm32cubeide/plugins/com.st.stm32cube.ide.mcu.externaltools.gnu-tools-for-stm32.7-2018-q2-update.win32_1.4.0.202007081208/tools/bin/../lib/gcc/arm-none-eabi/7.3.1/thumb/v7-m/crtbegin.o
                0x0000000020000018                . = ALIGN (0x4)

.bss            0x0000000020000018       0x60 load address 0x0000000008000a6c
                0x0000000020000018                _sbss = .
                0x0000000020000018                __bss_start__ = _sbss
 *(.bss)
 .bss           0x0000000020000018       0x1c c:/st/stm32cubeide_1.4.0/stm32cubeide/plugins/com.st.stm32cube.ide.mcu.externaltools.gnu-tools-for-stm32.7-2018-q2-update.win32_1.4.0.202007081208/tools/bin/../lib/gcc/arm-none-eabi/7.3.1/thumb/v7-m/crtbegin.o
 *(.bss*)
 .bss.Gl_Config
                0x0000000020000034        0x4 STM32_F103C6_Drivers/MCAL/USART/USART.o
                0x0000000020000034                Gl_Config
 *(COMMON)
 COMMON         0x0000000020000038       0x3c STM32_F103C6_Drivers/MCAL/EXTI/EXTI.o
                0x0000000020000038                Global_ptr_callBack
 COMMON         0x0000000020000074        0x1 STM32_F103C6_Drivers/main.o
                0x0000000020000074                recived_data
                0x0000000020000078                . = ALIGN (0x4)
 *fill*         0x0000000020000075        0x3 
                0x0000000020000078                _ebss = .
                0x0000000020000078                __bss_end__ = _ebss

._user_heap_stack
                0x0000000020000078      0x600 load address 0x0000000008000a6c
                0x0000000020000078                . = ALIGN (0x8)
                [!provide]                        PROVIDE (end = .)
                0x0000000020000078                PROVIDE (_end = .)
                0x0000000020000278                . = (. + _Min_Heap_Size)
 *fill*         0x0000000020000078      0x200 
                0x0000000020000678                . = (. + _Min_Stack_Size)
 *fill*         0x0000000020000278      0x400 
                0x0000000020000678                . = ALIGN (0x8)

/DISCARD/
 libc.a(*)
 libm.a(*)
 libgcc.a(*)

.ARM.attributes
                0x0000000000000000       0x29
 *(.ARM.attributes)
 .ARM.attributes
                0x0000000000000000       0x1d c:/st/stm32cubeide_1.4.0/stm32cubeide/plugins/com.st.stm32cube.ide.mcu.externaltools.gnu-tools-for-stm32.7-2018-q2-update.win32_1.4.0.202007081208/tools/bin/../lib/gcc/arm-none-eabi/7.3.1/thumb/v7-m/crti.o
 .ARM.attributes
                0x000000000000001d       0x2d c:/st/stm32cubeide_1.4.0/stm32cubeide/plugins/com.st.stm32cube.ide.mcu.externaltools.gnu-tools-for-stm32.7-2018-q2-update.win32_1.4.0.202007081208/tools/bin/../lib/gcc/arm-none-eabi/7.3.1/thumb/v7-m/crtbegin.o
 .ARM.attributes
                0x000000000000004a       0x33 STM32_F103C6_Drivers/MCAL/EXTI/EXTI.o
 .ARM.attributes
                0x000000000000007d       0x33 STM32_F103C6_Drivers/MCAL/GPIO/GPIO.o
 .ARM.attributes
                0x00000000000000b0       0x33 STM32_F103C6_Drivers/MCAL/RCC/RCC.o
 .ARM.attributes
                0x00000000000000e3       0x33 STM32_F103C6_Drivers/MCAL/USART/USART.o
 .ARM.attributes
                0x0000000000000116       0x33 STM32_F103C6_Drivers/main.o
 .ARM.attributes
                0x0000000000000149       0x21 Startup/startup_stm32f103c6tx.o
 .ARM.attributes
                0x000000000000016a       0x2d c:/st/stm32cubeide_1.4.0/stm32cubeide/plugins/com.st.stm32cube.ide.mcu.externaltools.gnu-tools-for-stm32.7-2018-q2-update.win32_1.4.0.202007081208/tools/bin/../lib/gcc/arm-none-eabi/7.3.1/../../../../arm-none-eabi/lib/thumb/v7-m\libc_nano.a(lib_a-init.o)
 .ARM.attributes
                0x0000000000000197       0x1d c:/st/stm32cubeide_1.4.0/stm32cubeide/plugins/com.st.stm32cube.ide.mcu.externaltools.gnu-tools-for-stm32.7-2018-q2-update.win32_1.4.0.202007081208/tools/bin/../lib/gcc/arm-none-eabi/7.3.1/thumb/v7-m/crtn.o
OUTPUT(stm32_drivers.elf elf32-littlearm)

.debug_info     0x0000000000000000     0x3f54
 .debug_info    0x0000000000000000      0xda6 STM32_F103C6_Drivers/MCAL/EXTI/EXTI.o
 .debug_info    0x0000000000000da6      0xc8f STM32_F103C6_Drivers/MCAL/GPIO/GPIO.o
 .debug_info    0x0000000000001a35      0xafd STM32_F103C6_Drivers/MCAL/RCC/RCC.o
 .debug_info    0x0000000000002532      0xdff STM32_F103C6_Drivers/MCAL/USART/USART.o
 .debug_info    0x0000000000003331      0xc01 STM32_F103C6_Drivers/main.o
 .debug_info    0x0000000000003f32       0x22 Startup/startup_stm32f103c6tx.o

.debug_abbrev   0x0000000000000000      0x9bd
 .debug_abbrev  0x0000000000000000      0x210 STM32_F103C6_Drivers/MCAL/EXTI/EXTI.o
 .debug_abbrev  0x0000000000000210      0x1de STM32_F103C6_Drivers/MCAL/GPIO/GPIO.o
 .debug_abbrev  0x00000000000003ee      0x197 STM32_F103C6_Drivers/MCAL/RCC/RCC.o
 .debug_abbrev  0x0000000000000585      0x22c STM32_F103C6_Drivers/MCAL/USART/USART.o
 .debug_abbrev  0x00000000000007b1      0x1fa STM32_F103C6_Drivers/main.o
 .debug_abbrev  0x00000000000009ab       0x12 Startup/startup_stm32f103c6tx.o

.debug_loc      0x0000000000000000      0xacc
 .debug_loc     0x0000000000000000      0x320 STM32_F103C6_Drivers/MCAL/EXTI/EXTI.o
 .debug_loc     0x0000000000000320      0x330 STM32_F103C6_Drivers/MCAL/GPIO/GPIO.o
 .debug_loc     0x0000000000000650       0xc8 STM32_F103C6_Drivers/MCAL/RCC/RCC.o
 .debug_loc     0x0000000000000718      0x2dc STM32_F103C6_Drivers/MCAL/USART/USART.o
 .debug_loc     0x00000000000009f4       0xd8 STM32_F103C6_Drivers/main.o

.debug_aranges  0x0000000000000000      0x1d0
 .debug_aranges
                0x0000000000000000       0x80 STM32_F103C6_Drivers/MCAL/EXTI/EXTI.o
 .debug_aranges
                0x0000000000000080       0x60 STM32_F103C6_Drivers/MCAL/GPIO/GPIO.o
 .debug_aranges
                0x00000000000000e0       0x38 STM32_F103C6_Drivers/MCAL/RCC/RCC.o
 .debug_aranges
                0x0000000000000118       0x60 STM32_F103C6_Drivers/MCAL/USART/USART.o
 .debug_aranges
                0x0000000000000178       0x30 STM32_F103C6_Drivers/main.o
 .debug_aranges
                0x00000000000001a8       0x28 Startup/startup_stm32f103c6tx.o

.debug_ranges   0x0000000000000000      0x178
 .debug_ranges  0x0000000000000000       0x70 STM32_F103C6_Drivers/MCAL/EXTI/EXTI.o
 .debug_ranges  0x0000000000000070       0x50 STM32_F103C6_Drivers/MCAL/GPIO/GPIO.o
 .debug_ranges  0x00000000000000c0       0x28 STM32_F103C6_Drivers/MCAL/RCC/RCC.o
 .debug_ranges  0x00000000000000e8       0x50 STM32_F103C6_Drivers/MCAL/USART/USART.o
 .debug_ranges  0x0000000000000138       0x20 STM32_F103C6_Drivers/main.o
 .debug_ranges  0x0000000000000158       0x20 Startup/startup_stm32f103c6tx.o

.debug_macro    0x0000000000000000      0x9ef
 .debug_macro   0x0000000000000000      0x150 STM32_F103C6_Drivers/MCAL/EXTI/EXTI.o
 .debug_macro   0x0000000000000150      0x214 STM32_F103C6_Drivers/MCAL/EXTI/EXTI.o
 .debug_macro   0x0000000000000364      0x12f STM32_F103C6_Drivers/MCAL/GPIO/GPIO.o
 .debug_macro   0x0000000000000493      0x130 STM32_F103C6_Drivers/MCAL/RCC/RCC.o
 .debug_macro   0x00000000000005c3      0x181 STM32_F103C6_Drivers/MCAL/USART/USART.o
 .debug_macro   0x0000000000000744       0xdc STM32_F103C6_Drivers/MCAL/USART/USART.o
 .debug_macro   0x0000000000000820      0x1cf STM32_F103C6_Drivers/main.o

.debug_line     0x0000000000000000     0x254a
 .debug_line    0x0000000000000000      0x779 STM32_F103C6_Drivers/MCAL/EXTI/EXTI.o
 .debug_line    0x0000000000000779      0x61f STM32_F103C6_Drivers/MCAL/GPIO/GPIO.o
 .debug_line    0x0000000000000d98      0x558 STM32_F103C6_Drivers/MCAL/RCC/RCC.o
 .debug_line    0x00000000000012f0      0x812 STM32_F103C6_Drivers/MCAL/USART/USART.o
 .debug_line    0x0000000000001b02      0x9c4 STM32_F103C6_Drivers/main.o
 .debug_line    0x00000000000024c6       0x84 Startup/startup_stm32f103c6tx.o

.debug_str      0x0000000000000000     0x97c7
 .debug_str     0x0000000000000000     0x8a0c STM32_F103C6_Drivers/MCAL/EXTI/EXTI.o
                                       0x8b90 (size before relaxing)
 .debug_str     0x0000000000008a0c      0x117 STM32_F103C6_Drivers/MCAL/GPIO/GPIO.o
                                       0x74e0 (size before relaxing)
 .debug_str     0x0000000000008b23      0x150 STM32_F103C6_Drivers/MCAL/RCC/RCC.o
                                       0x7271 (size before relaxing)
 .debug_str     0x0000000000008c73      0x7e7 STM32_F103C6_Drivers/MCAL/USART/USART.o
                                       0x9116 (size before relaxing)
 .debug_str     0x000000000000945a      0x33c STM32_F103C6_Drivers/main.o
                                       0x9292 (size before relaxing)
 .debug_str     0x0000000000009796       0x31 Startup/startup_stm32f103c6tx.o
                                         0x63 (size before relaxing)

.comment        0x0000000000000000       0x7b
 .comment       0x0000000000000000       0x7b STM32_F103C6_Drivers/MCAL/EXTI/EXTI.o
                                         0x7c (size before relaxing)
 .comment       0x000000000000007b       0x7c STM32_F103C6_Drivers/MCAL/GPIO/GPIO.o
 .comment       0x000000000000007b       0x7c STM32_F103C6_Drivers/MCAL/RCC/RCC.o
 .comment       0x000000000000007b       0x7c STM32_F103C6_Drivers/MCAL/USART/USART.o
 .comment       0x000000000000007b       0x7c STM32_F103C6_Drivers/main.o

.debug_frame    0x0000000000000000      0x5a8
 .debug_frame   0x0000000000000000      0x1b0 STM32_F103C6_Drivers/MCAL/EXTI/EXTI.o
 .debug_frame   0x00000000000001b0      0x178 STM32_F103C6_Drivers/MCAL/GPIO/GPIO.o
 .debug_frame   0x0000000000000328       0x84 STM32_F103C6_Drivers/MCAL/RCC/RCC.o
 .debug_frame   0x00000000000003ac      0x158 STM32_F103C6_Drivers/MCAL/USART/USART.o
 .debug_frame   0x0000000000000504       0x78 STM32_F103C6_Drivers/main.o
 .debug_frame   0x000000000000057c       0x2c c:/st/stm32cubeide_1.4.0/stm32cubeide/plugins/com.st.stm32cube.ide.mcu.externaltools.gnu-tools-for-stm32.7-2018-q2-update.win32_1.4.0.202007081208/tools/bin/../lib/gcc/arm-none-eabi/7.3.1/../../../../arm-none-eabi/lib/thumb/v7-m\libc_nano.a(lib_a-init.o)
